******************************************************************************
                  TI ARM Linker PC v18.1.2                     
******************************************************************************
>> Linked Wed Feb 13 15:02:19 2019

OUTPUT FILE NAME:   <lock_module.out>
ENTRY POINT SYMBOL: "ResetISR"  address: 000075c5


MEMORY CONFIGURATION

         name            origin    length      used     unused   attr    fill
----------------------  --------  ---------  --------  --------  ----  --------
  FLASH                 00000000   00020000  0000eac6  0001153a  R  X
  SRAM                  20000000   00005000  00004882  0000077e  RW X


SEGMENT ALLOCATION MAP

run origin  load origin   length   init length attrs members
----------  ----------- ---------- ----------- ----- -------
00000000    00000000    0000aa78   0000aa78    r-x
  00000000    00000000    0000003c   0000003c    r-- .resetVecs
  0000003c    0000003c    00000fc4   00000fc4    r-x .text.1
  00001000    00001000    0000003c   0000003c    r-- .const:ti_sysbios_knl_Task_Object__PARAMS__C
  0000103c    0000103c    00000034   00000034    r-- .const:ti_sysbios_knl_Mailbox_Object__PARAMS__C
  00001070    00001070    00000030   00000030    r-- .const:ti_sysbios_family_arm_m3_Hwi_Object__PARAMS__C
  000010a0    000010a0    0000002c   0000002c    r-- .const:ti_sysbios_hal_Hwi_Object__PARAMS__C
  000010cc    000010cc    00000028   00000028    r-- .const:ti_sysbios_heaps_HeapMem_Module__FXNS__C
  000010f4    000010f4    00000028   00000028    r-- .const:ti_sysbios_knl_Swi_Object__PARAMS__C
  0000111c    0000111c    00000024   00000024    r-- .const:ti_sysbios_gates_GateHwi_Module__FXNS__C
  00001140    00001140    00000024   00000024    r-- .const:ti_sysbios_gates_GateMutex_Module__FXNS__C
  00001164    00001164    00000024   00000024    r-- .const:ti_sysbios_heaps_HeapMem_Object__PARAMS__C
  00001188    00001188    00000024   00000024    r-- .const:ti_sysbios_knl_Clock_Object__PARAMS__C
  000011ac    000011ac    00000024   00000024    r-- .const:ti_sysbios_knl_Semaphore_Object__PARAMS__C
  000011d0    000011d0    00000020   00000020    r-- .const:ti_sysbios_family_arm_m3_Hwi_Object__DESC__C
  000011f0    000011f0    00000020   00000020    r-- .const:ti_sysbios_gates_GateHwi_Object__DESC__C
  00001210    00001210    00000020   00000020    r-- .const:ti_sysbios_gates_GateMutex_Object__DESC__C
  00001230    00001230    00000020   00000020    r-- .const:ti_sysbios_hal_Hwi_Object__DESC__C
  00001250    00001250    00000020   00000020    r-- .const:ti_sysbios_heaps_HeapMem_Object__DESC__C
  00001270    00001270    00000020   00000020    r-- .const:ti_sysbios_knl_Clock_Object__DESC__C
  00001290    00001290    00000020   00000020    r-- .const:ti_sysbios_knl_Mailbox_Object__DESC__C
  000012b0    000012b0    00000020   00000020    r-- .const:ti_sysbios_knl_Queue_Object__DESC__C
  000012d0    000012d0    00000020   00000020    r-- .const:ti_sysbios_knl_Semaphore_Object__DESC__C
  000012f0    000012f0    00000020   00000020    r-- .const:ti_sysbios_knl_Swi_Object__DESC__C
  00001310    00001310    00000020   00000020    r-- .const:ti_sysbios_knl_Task_Object__DESC__C
  00001330    00001330    00000018   00000018    r-- .const:ti_sysbios_gates_GateHwi_Object__PARAMS__C
  00001348    00001348    00000018   00000018    r-- .const:ti_sysbios_gates_GateMutex_Object__PARAMS__C
  00001360    00001360    00000018   00000018    r-- .const:ti_sysbios_knl_Queue_Object__PARAMS__C
  00001378    00001378    00000008   00000008    r-- .const:ti_sysbios_knl_Idle_funcList__C
  00001380    00001380    00000004   00000004    r-x .text.2
  00001384    00001384    00000004   00000004    r-- .const:ti_sysbios_family_arm_cc26xx_Timer_startupNeeded__C
  00001388    00001388    00000004   00000004    r-- .const:ti_sysbios_family_arm_m3_Hwi_E_alreadyDefined__C
  0000138c    0000138c    00000004   00000004    r-- .const:ti_sysbios_family_arm_m3_Hwi_E_hwiLimitExceeded__C
  00001390    00001390    00000004   00000004    r-- .const:ti_sysbios_family_arm_m3_Hwi_NUM_INTERRUPTS__C
  00001394    00001394    00000004   00000004    r-- .const:ti_sysbios_family_arm_m3_Hwi_Object__count__C
  00001398    00001398    00000004   00000004    r-- .const:ti_sysbios_family_arm_m3_Hwi_Object__table__C
  0000139c    0000139c    00000004   00000004    r-- .const:ti_sysbios_family_arm_m3_Hwi_ccr__C
  000013a0    000013a0    00000004   00000004    r-- .const:ti_sysbios_family_arm_m3_Hwi_excHandlerFunc__C
  000013a4    000013a4    00000004   00000004    r-- .const:ti_sysbios_family_arm_m3_Hwi_nullIsrFunc__C
  000013a8    000013a8    00000004   00000004    r-- .const:ti_sysbios_family_arm_m3_Hwi_numSparseInterrupts__C
  000013ac    000013ac    00000004   00000004    r-- .const:ti_sysbios_family_arm_m3_Hwi_priGroup__C
  000013b0    000013b0    00000004   00000004    r-- .const:ti_sysbios_family_arm_m3_TaskSupport_stackAlignment__C
  000013b4    000013b4    00000004   00000004    r-- .const:ti_sysbios_heaps_HeapMem_E_memory__C
  000013b8    000013b8    00000004   00000004    r-- .const:ti_sysbios_heaps_HeapMem_Module__gateObj__C
  000013bc    000013bc    00000004   00000004    r-- .const:ti_sysbios_heaps_HeapMem_Object__count__C
  000013c0    000013c0    00000004   00000004    r-- .const:ti_sysbios_heaps_HeapMem_Object__table__C
  000013c4    000013c4    00000004   00000004    r-- .const:ti_sysbios_heaps_HeapMem_reqAlign__C
  000013c8    000013c8    00000004   00000004    r-- .const:ti_sysbios_knl_Clock_serviceMargin__C
  000013cc    000013cc    00000004   00000004    r-- .const:ti_sysbios_knl_Mailbox_Object__count__C
  000013d0    000013d0    00000004   00000004    r-- .const:ti_sysbios_knl_Mailbox_Object__table__C
  000013d4    000013d4    00000004   00000004    r-- .const:ti_sysbios_knl_Mailbox_maxTypeAlign__C
  000013d8    000013d8    00000004   00000004    r-- .const:ti_sysbios_knl_Queue_Object__count__C
  000013dc    000013dc    00000004   00000004    r-- .const:ti_sysbios_knl_Queue_Object__table__C
  000013e0    000013e0    00000004   00000004    r-- .const:ti_sysbios_knl_Swi_Object__count__C
  000013e4    000013e4    00000004   00000004    r-- .const:ti_sysbios_knl_Swi_Object__table__C
  000013e8    000013e8    00000004   00000004    r-- .const:ti_sysbios_knl_Swi_numPriorities__C
  000013ec    000013ec    00000004   00000004    r-- .const:ti_sysbios_knl_Task_Object__count__C
  000013f0    000013f0    00000004   00000004    r-- .const:ti_sysbios_knl_Task_Object__table__C
  000013f4    000013f4    00000004   00000004    r-- .const:ti_sysbios_knl_Task_allBlockedFunc__C
  000013f8    000013f8    00000004   00000004    r-- .const:ti_sysbios_knl_Task_defaultStackHeap__C
  000013fc    000013fc    00000004   00000004    r-- .const:ti_sysbios_knl_Task_defaultStackSize__C
  00001400    00001400    00000004   00000004    r-- .const:ti_sysbios_knl_Task_numConstructedTasks__C
  00001404    00001404    00000002   00000002    r-x .text.3
  00001406    00001406    00000002   00000002    r-- .const:ti_sysbios_family_arm_cc26xx_Timer_Module__id__C
  00001408    00001408    00000002   00000002    r-- .const:ti_sysbios_family_arm_cc26xx_TimestampProvider_useClockTimer__C
  0000140a    0000140a    00000002   00000002    r-- .const:ti_sysbios_family_arm_m3_Hwi_Module__id__C
  0000140c    0000140c    00000002   00000002    r-- .const:ti_sysbios_gates_GateHwi_Module__id__C
  0000140e    0000140e    00000002   00000002    r-- .const:ti_sysbios_gates_GateMutex_Module__id__C
  00001410    00001410    00000002   00000002    r-- .const:ti_sysbios_heaps_HeapMem_Module__id__C
  00001412    00001412    00000002   00000002    r-- .const:ti_sysbios_knl_Task_initStackFlag__C
  00001414    00001414    00000001   00000001    r-- .const:ti_sysbios_knl_Clock_tickMode__C
  00001418    00001418    00000008   00000008    r-- .const:xdc_runtime_Startup_firstFxns__C
  00001420    00001420    00000008   00000008    r-- .const:xdc_runtime_Startup_lastFxns__C
  00001428    00001428    00000004   00000004    r-- .const:xdc_runtime_Assert_E_assertFailed__C
  0000142c    0000142c    00000004   00000004    r-- .const:xdc_runtime_Error_E_memory__C
  00001430    00001430    00000004   00000004    r-- .const:xdc_runtime_Error_policyFxn__C
  00001434    00001434    00000004   00000004    r-- .const:xdc_runtime_IGateProvider_Interface__BASE__C
  00001438    00001438    00000004   00000004    r-- .const:xdc_runtime_IHeap_Interface__BASE__C
  0000143c    0000143c    00000004   00000004    r-- .const:xdc_runtime_IModule_Interface__BASE__C
  00001440    00001440    00000004   00000004    r-- .const:xdc_runtime_Main_Module__diagsEnabled__C
  00001444    00001444    00000004   00000004    r-- .const:xdc_runtime_Main_Module__diagsIncluded__C
  00001448    00001448    00000004   00000004    r-- .const:xdc_runtime_Main_Module__diagsMask__C
  0000144c    0000144c    00000004   00000004    r-- .const:xdc_runtime_Memory_defaultHeapInstance__C
  00001450    00001450    00000004   00000004    r-- .const:xdc_runtime_Startup_execImpl__C
  00001454    00001454    00000004   00000004    r-- .const:xdc_runtime_Startup_maxPasses__C
  00001458    00001458    00000004   00000004    r-- .const:xdc_runtime_Startup_sfxnRts__C
  0000145c    0000145c    00000004   00000004    r-- .const:xdc_runtime_Startup_sfxnTab__C
  00001460    00001460    00000004   00000004    r-- .const:xdc_runtime_Startup_startModsFxn__C
  00001464    00001464    00000004   00000004    r-- .const:xdc_runtime_SysCallback_abortFxn__C
  00001468    00001468    00000004   00000004    r-- .const:xdc_runtime_SysCallback_exitFxn__C
  0000146c    0000146c    00000004   00000004    r-- .const:xdc_runtime_System_abortFxn__C
  00001470    00001470    00000004   00000004    r-- .const:xdc_runtime_System_exitFxn__C
  00001474    00001474    00000004   00000004    r-- .const:xdc_runtime_System_maxAtexitHandlers__C
  00001478    00001478    00000004   00000004    r-- .const:xdc_runtime_Text_charTab__C
  0000147c    0000147c    00000004   00000004    r-- .const:xdc_runtime_Text_nameEmpty__C
  00001480    00001480    00000004   00000004    r-- .const:xdc_runtime_Text_nameStatic__C
  00001484    00001484    00000004   00000004    r-- .const:xdc_runtime_Text_nameUnknown__C
  00001488    00001488    00000002   00000002    r-- .const:xdc_runtime_Main_Module__id__C
  0000148a    0000148a    00000002   00000002    r-- .const:xdc_runtime_Memory_Module__id__C
  0000148c    0000148c    00000002   00000002    r-- .const:xdc_runtime_Text_charCnt__C
  0000148e    0000148e    00000002   00000002    r-- .const:xdc_runtime_Text_isLoaded__C
  00001490    00001490    00000001   00000001    r-- .const:xdc_runtime_Error_policy__C
  00001494    00001494    00000004   00000004    r-- .const:ti_sysbios_rom_ROM_AONRTCChannelEnable
  00001498    00001498    00000004   00000004    r-- .const:ti_sysbios_rom_ROM_AONRTCCompareValueSet
  0000149c    0000149c    00000004   00000004    r-- .const:ti_sysbios_rom_ROM_AONRTCCurrentCompareValueGet
  000014a0    000014a0    00000004   00000004    r-- .const:ti_sysbios_rom_ROM_AONRTCEventClear
  000014a4    000014a4    00000004   00000004    r-- .const:ti_sysbios_rom_ROM_ti_sysbios_family_arm_cc26xx_Timer_getCount64__E
  000014a8    000014a8    00000004   00000004    r-- .const:ti_sysbios_rom_ROM_ti_sysbios_family_arm_cc26xx_Timer_getCurrentTick__E
  000014ac    000014ac    00000004   00000004    r-- .const:ti_sysbios_rom_ROM_ti_sysbios_family_arm_cc26xx_Timer_getMaxTicks__E
  000014b0    000014b0    00000004   00000004    r-- .const:ti_sysbios_rom_ROM_ti_sysbios_family_arm_cc26xx_Timer_initDevice__I
  000014b4    000014b4    00000004   00000004    r-- .const:ti_sysbios_rom_ROM_ti_sysbios_family_arm_cc26xx_Timer_setNextTick__E
  000014b8    000014b8    00000004   00000004    r-- .const:ti_sysbios_rom_ROM_ti_sysbios_family_arm_cc26xx_Timer_setThreshold__I
  000014bc    000014bc    00000004   00000004    r-- .const:ti_sysbios_rom_ROM_ti_sysbios_family_arm_cc26xx_Timer_start__E
  000014c0    000014c0    00000004   00000004    r-- .const:ti_sysbios_rom_ROM_ti_sysbios_family_arm_cc26xx_TimestampProvider_get32__E
  000014c4    000014c4    00000004   00000004    r-- .const:ti_sysbios_rom_ROM_xdc_runtime_Startup_getState__I
  000014c8    000014c8    00000004   00000004    r-- .const:ti_sysbios_rom_ROM_xdc_runtime_System_SupportProxy_abort__E
  000014cc    000014cc    00000004   00000004    r-- .const:ti_sysbios_rom_ROM_xdc_runtime_System_SupportProxy_exit__E
  000014d0    000014d0    00000004   00000004    r-- .const:ti_sysbios_gates_GateMutex_Instance_State_sem__O
  000014d4    000014d4    00000004   00000004    r-- .const:ti_sysbios_knl_Clock_Module_State_clockQ__O
  000014d8    000014d8    00000004   00000004    r-- .const:ti_sysbios_knl_Mailbox_Instance_State_dataQue__O
  000014dc    000014dc    00000004   00000004    r-- .const:ti_sysbios_knl_Mailbox_Instance_State_dataSem__O
  000014e0    000014e0    00000004   00000004    r-- .const:ti_sysbios_knl_Mailbox_Instance_State_freeQue__O
  000014e4    000014e4    00000004   00000004    r-- .const:ti_sysbios_knl_Mailbox_Instance_State_freeSem__O
  000014e8    000014e8    00000004   00000004    r-- .const:ti_sysbios_knl_Semaphore_Instance_State_pendQ__O
  000014ec    000014ec    00000004   00000004    r-- .const:ti_sysbios_knl_Task_Module_State_inactiveQ__O
  000014f0    000014f0    00007f04   00007f04    r-x .text.4
  000093f4    000093f4    000012e8   000012e8    r-- .const
  0000a6e0    0000a6e0    00000398   00000398    r-- .cinit
0001a000    0001a000    00004000   00000000    rw-
  0001a000    0001a000    00004000   00000000    rw- .TI.bound:flashBuf
0001ffa8    0001ffa8    00000058   00000058    r--
  0001ffa8    0001ffa8    00000058   00000058    r-- .ccfg
20000100    20000100    00000104   00000000    rw-
  20000100    20000100    00000044   00000000    rw- .data:ti_sysbios_knl_Task_Module__state__V
  20000144    20000144    00000034   00000000    rw- .data:ti_sysbios_family_arm_m3_Hwi_Module__state__V
  20000178    20000178    0000002c   00000000    rw- .data:ti_sysbios_knl_Clock_Module__state__V
  200001a4    200001a4    00000024   00000000    rw- .data:ti_sysbios_BIOS_Module__state__V
  200001c8    200001c8    0000001c   00000000    rw- .data:ti_sysbios_knl_Swi_Module__state__V
  200001e4    200001e4    00000008   00000000    rw- .data:ti_sysbios_family_arm_cc26xx_Timer_Module__state__V
  200001ec    200001ec    00000004   00000000    rw- .data:ti_sysbios_family_arm_cc26xx_TimestampProvider_Module__state__V
  200001f0    200001f0    00000008   00000000    rw- .data:xdc_runtime_Startup_Module__state__V
  200001f8    200001f8    00000008   00000000    rw- .data:xdc_runtime_System_Module__state__V
  20000200    20000200    00000004   00000000    rw- .data:xdc_runtime_Memory_Module__state__V
20000430    20000430    00000010   00000000    rw-
  20000430    20000430    00000010   00000000    rw- .TI.bound:dmaSpi0RxControlTableEntry
20000440    20000440    00000010   00000000    rw-
  20000440    20000440    00000010   00000000    rw- .TI.bound:dmaSpi0TxControlTableEntry
20000500    20000500    00000010   00000000    rw-
  20000500    20000500    00000010   00000000    rw- .TI.bound:dmaSpi1RxControlTableEntry
20000510    20000510    00002b89   00000000    rw-
  20000510    20000510    00000010   00000000    rw- .TI.bound:dmaSpi1TxControlTableEntry
  20000520    20000520    00002b79   00000000    rw- .bss
200030a0    200030a0    00001000   00000000    r--
  200030a0    200030a0    00001000   00000000    r-- .priheap
200040a0    200040a0    000006fd   00000000    rw-
  200040a0    200040a0    000006fd   00000000    rw- .data
20004c00    20004c00    00000400   00000000    rw-
  20004c00    20004c00    00000400   00000000    rw- .stack


SECTION ALLOCATION MAP

 output                                  attributes/
section   page    origin      length       input sections
--------  ----  ----------  ----------   ----------------
.const:ti_sysbios_knl_Task_Object__PARAMS__C 
*          0    00001000    0000003c     
                  00001000    0000003c     release_pem3.oem3 (.const:ti_sysbios_knl_Task_Object__PARAMS__C)

.const:ti_sysbios_knl_Mailbox_Object__PARAMS__C 
*          0    0000103c    00000034     
                  0000103c    00000034     release_pem3.oem3 (.const:ti_sysbios_knl_Mailbox_Object__PARAMS__C)

.const:ti_sysbios_family_arm_m3_Hwi_Object__PARAMS__C 
*          0    00001070    00000030     
                  00001070    00000030     release_pem3.oem3 (.const:ti_sysbios_family_arm_m3_Hwi_Object__PARAMS__C)

.const:ti_sysbios_hal_Hwi_Object__PARAMS__C 
*          0    000010a0    0000002c     
                  000010a0    0000002c     release_pem3.oem3 (.const:ti_sysbios_hal_Hwi_Object__PARAMS__C)

.const:ti_sysbios_heaps_HeapMem_Module__FXNS__C 
*          0    000010cc    00000028     
                  000010cc    00000028     release_pem3.oem3 (.const:ti_sysbios_heaps_HeapMem_Module__FXNS__C)

.const:ti_sysbios_knl_Swi_Object__PARAMS__C 
*          0    000010f4    00000028     
                  000010f4    00000028     release_pem3.oem3 (.const:ti_sysbios_knl_Swi_Object__PARAMS__C)

.const:ti_sysbios_gates_GateHwi_Module__FXNS__C 
*          0    0000111c    00000024     
                  0000111c    00000024     release_pem3.oem3 (.const:ti_sysbios_gates_GateHwi_Module__FXNS__C)

.const:ti_sysbios_gates_GateMutex_Module__FXNS__C 
*          0    00001140    00000024     
                  00001140    00000024     release_pem3.oem3 (.const:ti_sysbios_gates_GateMutex_Module__FXNS__C)

.const:ti_sysbios_heaps_HeapMem_Object__PARAMS__C 
*          0    00001164    00000024     
                  00001164    00000024     release_pem3.oem3 (.const:ti_sysbios_heaps_HeapMem_Object__PARAMS__C)

.const:ti_sysbios_knl_Clock_Object__PARAMS__C 
*          0    00001188    00000024     
                  00001188    00000024     release_pem3.oem3 (.const:ti_sysbios_knl_Clock_Object__PARAMS__C)

.const:ti_sysbios_knl_Semaphore_Object__PARAMS__C 
*          0    000011ac    00000024     
                  000011ac    00000024     release_pem3.oem3 (.const:ti_sysbios_knl_Semaphore_Object__PARAMS__C)

.const:ti_sysbios_family_arm_m3_Hwi_Object__DESC__C 
*          0    000011d0    00000020     
                  000011d0    00000020     release_pem3.oem3 (.const:ti_sysbios_family_arm_m3_Hwi_Object__DESC__C)

.const:ti_sysbios_gates_GateHwi_Object__DESC__C 
*          0    000011f0    00000020     
                  000011f0    00000020     release_pem3.oem3 (.const:ti_sysbios_gates_GateHwi_Object__DESC__C)

.const:ti_sysbios_gates_GateMutex_Object__DESC__C 
*          0    00001210    00000020     
                  00001210    00000020     release_pem3.oem3 (.const:ti_sysbios_gates_GateMutex_Object__DESC__C)

.const:ti_sysbios_hal_Hwi_Object__DESC__C 
*          0    00001230    00000020     
                  00001230    00000020     release_pem3.oem3 (.const:ti_sysbios_hal_Hwi_Object__DESC__C)

.const:ti_sysbios_heaps_HeapMem_Object__DESC__C 
*          0    00001250    00000020     
                  00001250    00000020     release_pem3.oem3 (.const:ti_sysbios_heaps_HeapMem_Object__DESC__C)

.const:ti_sysbios_knl_Clock_Object__DESC__C 
*          0    00001270    00000020     
                  00001270    00000020     release_pem3.oem3 (.const:ti_sysbios_knl_Clock_Object__DESC__C)

.const:ti_sysbios_knl_Mailbox_Object__DESC__C 
*          0    00001290    00000020     
                  00001290    00000020     release_pem3.oem3 (.const:ti_sysbios_knl_Mailbox_Object__DESC__C)

.const:ti_sysbios_knl_Queue_Object__DESC__C 
*          0    000012b0    00000020     
                  000012b0    00000020     release_pem3.oem3 (.const:ti_sysbios_knl_Queue_Object__DESC__C)

.const:ti_sysbios_knl_Semaphore_Object__DESC__C 
*          0    000012d0    00000020     
                  000012d0    00000020     release_pem3.oem3 (.const:ti_sysbios_knl_Semaphore_Object__DESC__C)

.const:ti_sysbios_knl_Swi_Object__DESC__C 
*          0    000012f0    00000020     
                  000012f0    00000020     release_pem3.oem3 (.const:ti_sysbios_knl_Swi_Object__DESC__C)

.const:ti_sysbios_knl_Task_Object__DESC__C 
*          0    00001310    00000020     
                  00001310    00000020     release_pem3.oem3 (.const:ti_sysbios_knl_Task_Object__DESC__C)

.const:ti_sysbios_gates_GateHwi_Object__PARAMS__C 
*          0    00001330    00000018     
                  00001330    00000018     release_pem3.oem3 (.const:ti_sysbios_gates_GateHwi_Object__PARAMS__C)

.const:ti_sysbios_gates_GateMutex_Object__PARAMS__C 
*          0    00001348    00000018     
                  00001348    00000018     release_pem3.oem3 (.const:ti_sysbios_gates_GateMutex_Object__PARAMS__C)

.const:ti_sysbios_knl_Queue_Object__PARAMS__C 
*          0    00001360    00000018     
                  00001360    00000018     release_pem3.oem3 (.const:ti_sysbios_knl_Queue_Object__PARAMS__C)

.const:ti_sysbios_knl_Idle_funcList__C 
*          0    00001378    00000008     
                  00001378    00000008     release_pem3.oem3 (.const:ti_sysbios_knl_Idle_funcList__C)

.const:ti_sysbios_family_arm_cc26xx_Timer_startupNeeded__C 
*          0    00001384    00000004     
                  00001384    00000004     release_pem3.oem3 (.const:ti_sysbios_family_arm_cc26xx_Timer_startupNeeded__C)

.const:ti_sysbios_family_arm_m3_Hwi_E_alreadyDefined__C 
*          0    00001388    00000004     
                  00001388    00000004     release_pem3.oem3 (.const:ti_sysbios_family_arm_m3_Hwi_E_alreadyDefined__C)

.const:ti_sysbios_family_arm_m3_Hwi_E_hwiLimitExceeded__C 
*          0    0000138c    00000004     
                  0000138c    00000004     release_pem3.oem3 (.const:ti_sysbios_family_arm_m3_Hwi_E_hwiLimitExceeded__C)

.const:ti_sysbios_family_arm_m3_Hwi_NUM_INTERRUPTS__C 
*          0    00001390    00000004     
                  00001390    00000004     release_pem3.oem3 (.const:ti_sysbios_family_arm_m3_Hwi_NUM_INTERRUPTS__C)

.const:ti_sysbios_family_arm_m3_Hwi_Object__count__C 
*          0    00001394    00000004     
                  00001394    00000004     release_pem3.oem3 (.const:ti_sysbios_family_arm_m3_Hwi_Object__count__C)

.const:ti_sysbios_family_arm_m3_Hwi_Object__table__C 
*          0    00001398    00000004     
                  00001398    00000004     release_pem3.oem3 (.const:ti_sysbios_family_arm_m3_Hwi_Object__table__C)

.const:ti_sysbios_family_arm_m3_Hwi_ccr__C 
*          0    0000139c    00000004     
                  0000139c    00000004     release_pem3.oem3 (.const:ti_sysbios_family_arm_m3_Hwi_ccr__C)

.const:ti_sysbios_family_arm_m3_Hwi_excHandlerFunc__C 
*          0    000013a0    00000004     
                  000013a0    00000004     release_pem3.oem3 (.const:ti_sysbios_family_arm_m3_Hwi_excHandlerFunc__C)

.const:ti_sysbios_family_arm_m3_Hwi_nullIsrFunc__C 
*          0    000013a4    00000004     
                  000013a4    00000004     release_pem3.oem3 (.const:ti_sysbios_family_arm_m3_Hwi_nullIsrFunc__C)

.const:ti_sysbios_family_arm_m3_Hwi_numSparseInterrupts__C 
*          0    000013a8    00000004     
                  000013a8    00000004     release_pem3.oem3 (.const:ti_sysbios_family_arm_m3_Hwi_numSparseInterrupts__C)

.const:ti_sysbios_family_arm_m3_Hwi_priGroup__C 
*          0    000013ac    00000004     
                  000013ac    00000004     release_pem3.oem3 (.const:ti_sysbios_family_arm_m3_Hwi_priGroup__C)

.const:ti_sysbios_family_arm_m3_TaskSupport_stackAlignment__C 
*          0    000013b0    00000004     
                  000013b0    00000004     release_pem3.oem3 (.const:ti_sysbios_family_arm_m3_TaskSupport_stackAlignment__C)

.const:ti_sysbios_heaps_HeapMem_E_memory__C 
*          0    000013b4    00000004     
                  000013b4    00000004     release_pem3.oem3 (.const:ti_sysbios_heaps_HeapMem_E_memory__C)

.const:ti_sysbios_heaps_HeapMem_Module__gateObj__C 
*          0    000013b8    00000004     
                  000013b8    00000004     release_pem3.oem3 (.const:ti_sysbios_heaps_HeapMem_Module__gateObj__C)

.const:ti_sysbios_heaps_HeapMem_Object__count__C 
*          0    000013bc    00000004     
                  000013bc    00000004     release_pem3.oem3 (.const:ti_sysbios_heaps_HeapMem_Object__count__C)

.const:ti_sysbios_heaps_HeapMem_Object__table__C 
*          0    000013c0    00000004     
                  000013c0    00000004     release_pem3.oem3 (.const:ti_sysbios_heaps_HeapMem_Object__table__C)

.const:ti_sysbios_heaps_HeapMem_reqAlign__C 
*          0    000013c4    00000004     
                  000013c4    00000004     release_pem3.oem3 (.const:ti_sysbios_heaps_HeapMem_reqAlign__C)

.const:ti_sysbios_knl_Clock_serviceMargin__C 
*          0    000013c8    00000004     
                  000013c8    00000004     release_pem3.oem3 (.const:ti_sysbios_knl_Clock_serviceMargin__C)

.const:ti_sysbios_knl_Mailbox_Object__count__C 
*          0    000013cc    00000004     
                  000013cc    00000004     release_pem3.oem3 (.const:ti_sysbios_knl_Mailbox_Object__count__C)

.const:ti_sysbios_knl_Mailbox_Object__table__C 
*          0    000013d0    00000004     
                  000013d0    00000004     release_pem3.oem3 (.const:ti_sysbios_knl_Mailbox_Object__table__C)

.const:ti_sysbios_knl_Mailbox_maxTypeAlign__C 
*          0    000013d4    00000004     
                  000013d4    00000004     release_pem3.oem3 (.const:ti_sysbios_knl_Mailbox_maxTypeAlign__C)

.const:ti_sysbios_knl_Queue_Object__count__C 
*          0    000013d8    00000004     
                  000013d8    00000004     release_pem3.oem3 (.const:ti_sysbios_knl_Queue_Object__count__C)

.const:ti_sysbios_knl_Queue_Object__table__C 
*          0    000013dc    00000004     
                  000013dc    00000004     release_pem3.oem3 (.const:ti_sysbios_knl_Queue_Object__table__C)

.const:ti_sysbios_knl_Swi_Object__count__C 
*          0    000013e0    00000004     
                  000013e0    00000004     release_pem3.oem3 (.const:ti_sysbios_knl_Swi_Object__count__C)

.const:ti_sysbios_knl_Swi_Object__table__C 
*          0    000013e4    00000004     
                  000013e4    00000004     release_pem3.oem3 (.const:ti_sysbios_knl_Swi_Object__table__C)

.const:ti_sysbios_knl_Swi_numPriorities__C 
*          0    000013e8    00000004     
                  000013e8    00000004     release_pem3.oem3 (.const:ti_sysbios_knl_Swi_numPriorities__C)

.const:ti_sysbios_knl_Task_Object__count__C 
*          0    000013ec    00000004     
                  000013ec    00000004     release_pem3.oem3 (.const:ti_sysbios_knl_Task_Object__count__C)

.const:ti_sysbios_knl_Task_Object__table__C 
*          0    000013f0    00000004     
                  000013f0    00000004     release_pem3.oem3 (.const:ti_sysbios_knl_Task_Object__table__C)

.const:ti_sysbios_knl_Task_allBlockedFunc__C 
*          0    000013f4    00000004     
                  000013f4    00000004     release_pem3.oem3 (.const:ti_sysbios_knl_Task_allBlockedFunc__C)

.const:ti_sysbios_knl_Task_defaultStackHeap__C 
*          0    000013f8    00000004     
                  000013f8    00000004     release_pem3.oem3 (.const:ti_sysbios_knl_Task_defaultStackHeap__C)

.const:ti_sysbios_knl_Task_defaultStackSize__C 
*          0    000013fc    00000004     
                  000013fc    00000004     release_pem3.oem3 (.const:ti_sysbios_knl_Task_defaultStackSize__C)

.const:ti_sysbios_knl_Task_numConstructedTasks__C 
*          0    00001400    00000004     
                  00001400    00000004     release_pem3.oem3 (.const:ti_sysbios_knl_Task_numConstructedTasks__C)

.const:ti_sysbios_family_arm_cc26xx_Timer_Module__id__C 
*          0    00001406    00000002     
                  00001406    00000002     release_pem3.oem3 (.const:ti_sysbios_family_arm_cc26xx_Timer_Module__id__C)

.const:ti_sysbios_family_arm_cc26xx_TimestampProvider_useClockTimer__C 
*          0    00001408    00000002     
                  00001408    00000002     release_pem3.oem3 (.const:ti_sysbios_family_arm_cc26xx_TimestampProvider_useClockTimer__C)

.const:ti_sysbios_family_arm_m3_Hwi_Module__id__C 
*          0    0000140a    00000002     
                  0000140a    00000002     release_pem3.oem3 (.const:ti_sysbios_family_arm_m3_Hwi_Module__id__C)

.const:ti_sysbios_gates_GateHwi_Module__id__C 
*          0    0000140c    00000002     
                  0000140c    00000002     release_pem3.oem3 (.const:ti_sysbios_gates_GateHwi_Module__id__C)

.const:ti_sysbios_gates_GateMutex_Module__id__C 
*          0    0000140e    00000002     
                  0000140e    00000002     release_pem3.oem3 (.const:ti_sysbios_gates_GateMutex_Module__id__C)

.const:ti_sysbios_heaps_HeapMem_Module__id__C 
*          0    00001410    00000002     
                  00001410    00000002     release_pem3.oem3 (.const:ti_sysbios_heaps_HeapMem_Module__id__C)

.const:ti_sysbios_knl_Task_initStackFlag__C 
*          0    00001412    00000002     
                  00001412    00000002     release_pem3.oem3 (.const:ti_sysbios_knl_Task_initStackFlag__C)

.const:ti_sysbios_knl_Clock_tickMode__C 
*          0    00001414    00000001     
                  00001414    00000001     release_pem3.oem3 (.const:ti_sysbios_knl_Clock_tickMode__C)

.const:xdc_runtime_Startup_firstFxns__C 
*          0    00001418    00000008     
                  00001418    00000008     release_pem3.oem3 (.const:xdc_runtime_Startup_firstFxns__C)

.const:xdc_runtime_Startup_lastFxns__C 
*          0    00001420    00000008     
                  00001420    00000008     release_pem3.oem3 (.const:xdc_runtime_Startup_lastFxns__C)

.const:xdc_runtime_Assert_E_assertFailed__C 
*          0    00001428    00000004     
                  00001428    00000004     release_pem3.oem3 (.const:xdc_runtime_Assert_E_assertFailed__C)

.const:xdc_runtime_Error_E_memory__C 
*          0    0000142c    00000004     
                  0000142c    00000004     release_pem3.oem3 (.const:xdc_runtime_Error_E_memory__C)

.const:xdc_runtime_Error_policyFxn__C 
*          0    00001430    00000004     
                  00001430    00000004     release_pem3.oem3 (.const:xdc_runtime_Error_policyFxn__C)

.const:xdc_runtime_IGateProvider_Interface__BASE__C 
*          0    00001434    00000004     
                  00001434    00000004     release_pem3.oem3 (.const:xdc_runtime_IGateProvider_Interface__BASE__C)

.const:xdc_runtime_IHeap_Interface__BASE__C 
*          0    00001438    00000004     
                  00001438    00000004     release_pem3.oem3 (.const:xdc_runtime_IHeap_Interface__BASE__C)

.const:xdc_runtime_IModule_Interface__BASE__C 
*          0    0000143c    00000004     
                  0000143c    00000004     release_pem3.oem3 (.const:xdc_runtime_IModule_Interface__BASE__C)

.const:xdc_runtime_Main_Module__diagsEnabled__C 
*          0    00001440    00000004     
                  00001440    00000004     release_pem3.oem3 (.const:xdc_runtime_Main_Module__diagsEnabled__C)

.const:xdc_runtime_Main_Module__diagsIncluded__C 
*          0    00001444    00000004     
                  00001444    00000004     release_pem3.oem3 (.const:xdc_runtime_Main_Module__diagsIncluded__C)

.const:xdc_runtime_Main_Module__diagsMask__C 
*          0    00001448    00000004     
                  00001448    00000004     release_pem3.oem3 (.const:xdc_runtime_Main_Module__diagsMask__C)

.const:xdc_runtime_Memory_defaultHeapInstance__C 
*          0    0000144c    00000004     
                  0000144c    00000004     release_pem3.oem3 (.const:xdc_runtime_Memory_defaultHeapInstance__C)

.const:xdc_runtime_Startup_execImpl__C 
*          0    00001450    00000004     
                  00001450    00000004     release_pem3.oem3 (.const:xdc_runtime_Startup_execImpl__C)

.const:xdc_runtime_Startup_maxPasses__C 
*          0    00001454    00000004     
                  00001454    00000004     release_pem3.oem3 (.const:xdc_runtime_Startup_maxPasses__C)

.const:xdc_runtime_Startup_sfxnRts__C 
*          0    00001458    00000004     
                  00001458    00000004     release_pem3.oem3 (.const:xdc_runtime_Startup_sfxnRts__C)

.const:xdc_runtime_Startup_sfxnTab__C 
*          0    0000145c    00000004     
                  0000145c    00000004     release_pem3.oem3 (.const:xdc_runtime_Startup_sfxnTab__C)

.const:xdc_runtime_Startup_startModsFxn__C 
*          0    00001460    00000004     
                  00001460    00000004     release_pem3.oem3 (.const:xdc_runtime_Startup_startModsFxn__C)

.const:xdc_runtime_SysCallback_abortFxn__C 
*          0    00001464    00000004     
                  00001464    00000004     release_pem3.oem3 (.const:xdc_runtime_SysCallback_abortFxn__C)

.const:xdc_runtime_SysCallback_exitFxn__C 
*          0    00001468    00000004     
                  00001468    00000004     release_pem3.oem3 (.const:xdc_runtime_SysCallback_exitFxn__C)

.const:xdc_runtime_System_abortFxn__C 
*          0    0000146c    00000004     
                  0000146c    00000004     release_pem3.oem3 (.const:xdc_runtime_System_abortFxn__C)

.const:xdc_runtime_System_exitFxn__C 
*          0    00001470    00000004     
                  00001470    00000004     release_pem3.oem3 (.const:xdc_runtime_System_exitFxn__C)

.const:xdc_runtime_System_maxAtexitHandlers__C 
*          0    00001474    00000004     
                  00001474    00000004     release_pem3.oem3 (.const:xdc_runtime_System_maxAtexitHandlers__C)

.const:xdc_runtime_Text_charTab__C 
*          0    00001478    00000004     
                  00001478    00000004     release_pem3.oem3 (.const:xdc_runtime_Text_charTab__C)

.const:xdc_runtime_Text_nameEmpty__C 
*          0    0000147c    00000004     
                  0000147c    00000004     release_pem3.oem3 (.const:xdc_runtime_Text_nameEmpty__C)

.const:xdc_runtime_Text_nameStatic__C 
*          0    00001480    00000004     
                  00001480    00000004     release_pem3.oem3 (.const:xdc_runtime_Text_nameStatic__C)

.const:xdc_runtime_Text_nameUnknown__C 
*          0    00001484    00000004     
                  00001484    00000004     release_pem3.oem3 (.const:xdc_runtime_Text_nameUnknown__C)

.const:xdc_runtime_Main_Module__id__C 
*          0    00001488    00000002     
                  00001488    00000002     release_pem3.oem3 (.const:xdc_runtime_Main_Module__id__C)

.const:xdc_runtime_Memory_Module__id__C 
*          0    0000148a    00000002     
                  0000148a    00000002     release_pem3.oem3 (.const:xdc_runtime_Memory_Module__id__C)

.const:xdc_runtime_Text_charCnt__C 
*          0    0000148c    00000002     
                  0000148c    00000002     release_pem3.oem3 (.const:xdc_runtime_Text_charCnt__C)

.const:xdc_runtime_Text_isLoaded__C 
*          0    0000148e    00000002     
                  0000148e    00000002     release_pem3.oem3 (.const:xdc_runtime_Text_isLoaded__C)

.const:xdc_runtime_Error_policy__C 
*          0    00001490    00000001     
                  00001490    00000001     release_pem3.oem3 (.const:xdc_runtime_Error_policy__C)

.const:ti_sysbios_rom_ROM_AONRTCChannelEnable 
*          0    00001494    00000004     
                  00001494    00000004     release_pem3.oem3 (.const:ti_sysbios_rom_ROM_AONRTCChannelEnable)

.const:ti_sysbios_rom_ROM_AONRTCCompareValueSet 
*          0    00001498    00000004     
                  00001498    00000004     release_pem3.oem3 (.const:ti_sysbios_rom_ROM_AONRTCCompareValueSet)

.const:ti_sysbios_rom_ROM_AONRTCCurrentCompareValueGet 
*          0    0000149c    00000004     
                  0000149c    00000004     release_pem3.oem3 (.const:ti_sysbios_rom_ROM_AONRTCCurrentCompareValueGet)

.const:ti_sysbios_rom_ROM_AONRTCEventClear 
*          0    000014a0    00000004     
                  000014a0    00000004     release_pem3.oem3 (.const:ti_sysbios_rom_ROM_AONRTCEventClear)

.const:ti_sysbios_rom_ROM_ti_sysbios_family_arm_cc26xx_Timer_getCount64__E 
*          0    000014a4    00000004     
                  000014a4    00000004     release_pem3.oem3 (.const:ti_sysbios_rom_ROM_ti_sysbios_family_arm_cc26xx_Timer_getCount64__E)

.const:ti_sysbios_rom_ROM_ti_sysbios_family_arm_cc26xx_Timer_getCurrentTick__E 
*          0    000014a8    00000004     
                  000014a8    00000004     release_pem3.oem3 (.const:ti_sysbios_rom_ROM_ti_sysbios_family_arm_cc26xx_Timer_getCurrentTick__E)

.const:ti_sysbios_rom_ROM_ti_sysbios_family_arm_cc26xx_Timer_getMaxTicks__E 
*          0    000014ac    00000004     
                  000014ac    00000004     release_pem3.oem3 (.const:ti_sysbios_rom_ROM_ti_sysbios_family_arm_cc26xx_Timer_getMaxTicks__E)

.const:ti_sysbios_rom_ROM_ti_sysbios_family_arm_cc26xx_Timer_initDevice__I 
*          0    000014b0    00000004     
                  000014b0    00000004     release_pem3.oem3 (.const:ti_sysbios_rom_ROM_ti_sysbios_family_arm_cc26xx_Timer_initDevice__I)

.const:ti_sysbios_rom_ROM_ti_sysbios_family_arm_cc26xx_Timer_setNextTick__E 
*          0    000014b4    00000004     
                  000014b4    00000004     release_pem3.oem3 (.const:ti_sysbios_rom_ROM_ti_sysbios_family_arm_cc26xx_Timer_setNextTick__E)

.const:ti_sysbios_rom_ROM_ti_sysbios_family_arm_cc26xx_Timer_setThreshold__I 
*          0    000014b8    00000004     
                  000014b8    00000004     release_pem3.oem3 (.const:ti_sysbios_rom_ROM_ti_sysbios_family_arm_cc26xx_Timer_setThreshold__I)

.const:ti_sysbios_rom_ROM_ti_sysbios_family_arm_cc26xx_Timer_start__E 
*          0    000014bc    00000004     
                  000014bc    00000004     release_pem3.oem3 (.const:ti_sysbios_rom_ROM_ti_sysbios_family_arm_cc26xx_Timer_start__E)

.const:ti_sysbios_rom_ROM_ti_sysbios_family_arm_cc26xx_TimestampProvider_get32__E 
*          0    000014c0    00000004     
                  000014c0    00000004     release_pem3.oem3 (.const:ti_sysbios_rom_ROM_ti_sysbios_family_arm_cc26xx_TimestampProvider_get32__E)

.const:ti_sysbios_rom_ROM_xdc_runtime_Startup_getState__I 
*          0    000014c4    00000004     
                  000014c4    00000004     release_pem3.oem3 (.const:ti_sysbios_rom_ROM_xdc_runtime_Startup_getState__I)

.const:ti_sysbios_rom_ROM_xdc_runtime_System_SupportProxy_abort__E 
*          0    000014c8    00000004     
                  000014c8    00000004     release_pem3.oem3 (.const:ti_sysbios_rom_ROM_xdc_runtime_System_SupportProxy_abort__E)

.const:ti_sysbios_rom_ROM_xdc_runtime_System_SupportProxy_exit__E 
*          0    000014cc    00000004     
                  000014cc    00000004     release_pem3.oem3 (.const:ti_sysbios_rom_ROM_xdc_runtime_System_SupportProxy_exit__E)

.const:ti_sysbios_gates_GateMutex_Instance_State_sem__O 
*          0    000014d0    00000004     
                  000014d0    00000004     release_pem3.oem3 (.const:ti_sysbios_gates_GateMutex_Instance_State_sem__O)

.const:ti_sysbios_knl_Clock_Module_State_clockQ__O 
*          0    000014d4    00000004     
                  000014d4    00000004     release_pem3.oem3 (.const:ti_sysbios_knl_Clock_Module_State_clockQ__O)

.const:ti_sysbios_knl_Mailbox_Instance_State_dataQue__O 
*          0    000014d8    00000004     
                  000014d8    00000004     release_pem3.oem3 (.const:ti_sysbios_knl_Mailbox_Instance_State_dataQue__O)

.const:ti_sysbios_knl_Mailbox_Instance_State_dataSem__O 
*          0    000014dc    00000004     
                  000014dc    00000004     release_pem3.oem3 (.const:ti_sysbios_knl_Mailbox_Instance_State_dataSem__O)

.const:ti_sysbios_knl_Mailbox_Instance_State_freeQue__O 
*          0    000014e0    00000004     
                  000014e0    00000004     release_pem3.oem3 (.const:ti_sysbios_knl_Mailbox_Instance_State_freeQue__O)

.const:ti_sysbios_knl_Mailbox_Instance_State_freeSem__O 
*          0    000014e4    00000004     
                  000014e4    00000004     release_pem3.oem3 (.const:ti_sysbios_knl_Mailbox_Instance_State_freeSem__O)

.const:ti_sysbios_knl_Semaphore_Instance_State_pendQ__O 
*          0    000014e8    00000004     
                  000014e8    00000004     release_pem3.oem3 (.const:ti_sysbios_knl_Semaphore_Instance_State_pendQ__O)

.const:ti_sysbios_knl_Task_Module_State_inactiveQ__O 
*          0    000014ec    00000004     
                  000014ec    00000004     release_pem3.oem3 (.const:ti_sysbios_knl_Task_Module_State_inactiveQ__O)

.cinit     0    0000a6e0    00000398     
                  0000a6e0    0000021e     (.cinit..data.load) [load image, compression = lzss]
                  0000a8fe    00000028     (.cinit..data:ti_sysbios_family_arm_m3_Hwi_Module__state__V.load) [load image, compression = lzss]
                  0000a926    00000021     (.cinit..data:ti_sysbios_knl_Task_Module__state__V.load) [load image, compression = lzss]
                  0000a947    0000001f     (.cinit..data:ti_sysbios_BIOS_Module__state__V.load) [load image, compression = lzss]
                  0000a966    0000001d     (.cinit..data:ti_sysbios_knl_Clock_Module__state__V.load) [load image, compression = lzss]
                  0000a983    00000010     (.cinit..data:ti_sysbios_knl_Swi_Module__state__V.load) [load image, compression = lzss]
                  0000a993    00000001     --HOLE-- [fill = 0]
                  0000a994    0000000c     (__TI_handler_table)
                  0000a9a0    0000000b     (.cinit..data:ti_sysbios_family_arm_cc26xx_Timer_Module__state__V.load) [load image, compression = lzss]
                  0000a9ab    0000000b     (.cinit..data:xdc_runtime_System_Module__state__V.load) [load image, compression = lzss]
                  0000a9b6    00000002     --HOLE-- [fill = 0]
                  0000a9b8    00000008     (.cinit..TI.bound:dmaSpi0RxControlTableEntry.load) [load image, compression = zero_init]
                  0000a9c0    00000008     (.cinit..TI.bound:dmaSpi0TxControlTableEntry.load) [load image, compression = zero_init]
                  0000a9c8    00000008     (.cinit..TI.bound:dmaSpi1RxControlTableEntry.load) [load image, compression = zero_init]
                  0000a9d0    00000008     (.cinit..TI.bound:dmaSpi1TxControlTableEntry.load) [load image, compression = zero_init]
                  0000a9d8    00000008     (.cinit..bss.load) [load image, compression = zero_init]
                  0000a9e0    00000008     (.cinit..data:xdc_runtime_Memory_Module__state__V.load) [load image, compression = lzss]
                  0000a9e8    00000007     (.cinit..data:ti_sysbios_family_arm_cc26xx_TimestampProvider_Module__state__V.load) [load image, compression = lzss]
                  0000a9ef    00000007     (.cinit..data:xdc_runtime_Startup_Module__state__V.load) [load image, compression = lzss]
                  0000a9f6    00000002     --HOLE-- [fill = 0]
                  0000a9f8    00000080     (__TI_cinit_table)

.init_array 
*          0    00000000    00000000     UNINITIALIZED

.ccfg      0    0001ffa8    00000058     
                  0001ffa8    00000058     ccfg.obj (.ccfg:retain)

.data:ti_sysbios_knl_Task_Module__state__V 
*          0    20000100    00000044     UNINITIALIZED
                  20000100    00000044     release_pem3.oem3 (.data:ti_sysbios_knl_Task_Module__state__V)

.data:ti_sysbios_family_arm_m3_Hwi_Module__state__V 
*          0    20000144    00000034     UNINITIALIZED
                  20000144    00000034     release_pem3.oem3 (.data:ti_sysbios_family_arm_m3_Hwi_Module__state__V)

.data:ti_sysbios_knl_Clock_Module__state__V 
*          0    20000178    0000002c     UNINITIALIZED
                  20000178    0000002c     release_pem3.oem3 (.data:ti_sysbios_knl_Clock_Module__state__V)

.data:ti_sysbios_BIOS_Module__state__V 
*          0    200001a4    00000024     UNINITIALIZED
                  200001a4    00000024     release_pem3.oem3 (.data:ti_sysbios_BIOS_Module__state__V)

.data:ti_sysbios_knl_Swi_Module__state__V 
*          0    200001c8    0000001c     UNINITIALIZED
                  200001c8    0000001c     release_pem3.oem3 (.data:ti_sysbios_knl_Swi_Module__state__V)

.data:ti_sysbios_family_arm_cc26xx_Timer_Module__state__V 
*          0    200001e4    00000008     UNINITIALIZED
                  200001e4    00000008     release_pem3.oem3 (.data:ti_sysbios_family_arm_cc26xx_Timer_Module__state__V)

.data:ti_sysbios_family_arm_cc26xx_TimestampProvider_Module__state__V 
*          0    200001ec    00000004     UNINITIALIZED
                  200001ec    00000004     release_pem3.oem3 (.data:ti_sysbios_family_arm_cc26xx_TimestampProvider_Module__state__V)

.data:xdc_runtime_Startup_Module__state__V 
*          0    200001f0    00000008     UNINITIALIZED
                  200001f0    00000008     release_pem3.oem3 (.data:xdc_runtime_Startup_Module__state__V)

.data:xdc_runtime_System_Module__state__V 
*          0    200001f8    00000008     UNINITIALIZED
                  200001f8    00000008     release_pem3.oem3 (.data:xdc_runtime_System_Module__state__V)

.data:xdc_runtime_Memory_Module__state__V 
*          0    20000200    00000004     UNINITIALIZED
                  20000200    00000004     release_pem3.oem3 (.data:xdc_runtime_Memory_Module__state__V)

.TI.bound:dmaSpi0RxControlTableEntry 
*          0    20000430    00000010     UNINITIALIZED
                  20000430    00000010     drivers_cc13x0.aem3 : SPICC26XXDMA.oem3 (.TI.bound:dmaSpi0RxControlTableEntry)

.TI.bound:dmaSpi1RxControlTableEntry 
*          0    20000500    00000010     UNINITIALIZED
                  20000500    00000010     drivers_cc13x0.aem3 : SPICC26XXDMA.oem3 (.TI.bound:dmaSpi1RxControlTableEntry)

.bss       0    20000520    00002b79     UNINITIALIZED
                  20000520    00000800     uart_task.obj (.bss:uartTaskStack)
                  20000d20    000004fc     (.common:msgs)
                  2000121c    00000400     protocol_rf_task.obj (.bss:protocol_rf_TaskStack)
                  2000161c    00000400     radio_rf_task.obj (.bss:rxTaskStack)
                  20001a1c    00000004     (.common:ClockP_tickPeriod)
                  20001a20    00000380     rf_multiMode_cc13x0.aem3 : RFCC26XX_multiMode.oem3 (.bss:$O1$$)
                  20001da0    00000218     radio_rf_task.obj (.bss:rxDataEntryBuffer)
                  20001fb8    00000200     protocol_uart_task.obj (.bss:protocol_uart_TaskStack)
                  200021b8    00000200     release_pem3.oem3 (.bss:taskStackSection)
                  200023b8    000001c8     (.common:spiCC26XXDMAObjects)
                  20002580    00000128     (.common:uartCC26XXObjects)
                  200026a8    00000100     (.common:packet)
                  200027a8    00000100     (.common:send_buff)
                  200028a8    000000c8     radio_rf_task.obj (.bss:rfObject)
                  20002970    000000c8     (.common:ti_sysbios_family_arm_m3_Hwi_dispatchTable)
                  20002a38    0000006c     (.common:mbx_radio_Struct)
                  20002aa4    0000006c     (.common:mbx_rf_Struct)
                  20002b10    0000006c     (.common:mbx_uart_Struct)
                  20002b7c    00000064     (.common:input)
                  20002be0    00000050     protocol_rf_task.obj (.bss:protocol_rf_Task)
                  20002c30    00000050     protocol_uart_task.obj (.bss:protocol_uart_Task)
                  20002c80    00000050     radio_rf_task.obj (.bss:rxTask)
                  20002cd0    00000050     (.common:mailboxBuffer)
                  20002d20    00000050     (.common:uartTask)
                  20002d70    00000040     CC1310_LAUNCHXL.obj (.bss:verifyBuf)
                  20002db0    0000003c     protocol_rf_task.obj (.bss:protocol_rf_TaskParams)
                  20002dec    0000003c     protocol_uart_task.obj (.bss:protocol_uart_TaskParams)
                  20002e28    0000003c     radio_rf_task.obj (.bss:rxTaskParams)
                  20002e64    0000003c     uart_task.obj (.bss:uartTaskParams)
                  20002ea0    00000030     radio_rf_task.obj (.bss:RF_cmdPropRxSniff)
                  20002ed0    00000024     (.common:uartParams)
                  20002ef4    00000020     drivers_cc13x0.aem3 : NVSSPI25X.oem3 (.bss:$O1$$)
                  20002f14    00000020     (.common:uartCC26XXRingBuffer)
                  20002f34    00000020     (.common:udmaObjects)
                  20002f54    0000001c     protocol_rf_task.obj (.bss:protocol_rf_Semaphore)
                  20002f70    0000001c     protocol_uart_task.obj (.bss:protocol_uart_Semaphore)
                  20002f8c    0000001c     uart_task.obj (.bss:txSemaphore)
                  20002fa8    00000014     rf_multiMode_cc13x0.aem3 : RFCC26XX_multiMode.oem3 (.bss:RF_ratSyncCmd)
                  20002fbc    00000014     driverlib.lib : osc.obj (.bss:oscHfGlobals)
                  20002fd0    00000010     radio_rf_task.obj (.bss:worStatistics)
                  20002fe0    00000010     (.common:locks_status)
                  20002ff0    0000000d     radio_rf_task.obj (.bss)
                  20002ffd    00000002     drivers_cc13x0.aem3 : UARTCC26XX.oem3 (.bss)
                  20002fff    00000001     rf_multiMode_cc13x0.aem3 : RFCC26XX_multiMode.oem3 (.bss)
                  20003000    0000000c     drivers_cc13x0.aem3 : NVSCC26XX.oem3 (.bss:$O1$$)
                  2000300c    0000000c     radio_rf_task.obj (.bss:rxStatistics)
                  20003018    0000000c     (.common:nvsSPI25XObjects)
                  20003024    0000000c     (.common:outPinState)
                  20003030    0000000c     (.common:uartpinState)
                  2000303c    00000008     dpl_cc13x0.aem3 : PowerCC26XX_tirtos.oem3 (.bss:$O1$$)
                  20003044    00000008     radio_rf_task.obj (.bss:dataQueue)
                  2000304c    00000008     driverlib.lib : sys_ctrl.obj (.bss:powerQualGlobals)
                  20003054    00000008     (.common:logicMac)
                  2000305c    00000008     (.common:msg)
                  20003064    00000004     (.common:mbx_radio_Handle)
                  20003068    00000004     (.common:mbx_rf_Handle)
                  2000306c    00000004     (.common:mbx_uart_Handle)
                  20003070    00000004     (.common:nvsCC26xxObjects)
                  20003074    00000004     (.common:outPinHandle)
                  20003078    00000004     (.common:protocol_rf_SemaphoreHandle)
                  2000307c    00000004     (.common:protocol_uart_SemaphoreHandle)
                  20003080    00000004     (.common:random_number)
                  20003084    00000004     (.common:readEntry)
                  20003088    00000004     (.common:rfHandle)
                  2000308c    00000004     (.common:txSemaphoreHandle)
                  20003090    00000004     (.common:uart)
                  20003094    00000004     (.common:uartpinHandle)
                  20003098    00000001     (.common:driverlib_release_0_52354)

.data      0    200040a0    000006fd     UNINITIALIZED
                  200040a0    00000114     drivers_cc13x0.aem3 : PINCC26XX.oem3 (.data:$O1$$)
                  200041b4    00000114                         : PowerCC26XX.oem3 (.data:PowerCC26XX_module)
                  200042c8    00000088     rom_sysbios.aem3 : rom_sysbios.obj (.data:$O1$$)
                  20004350    00000060     smartrf_settings.obj (.data:pOverrides)
                  200043b0    00000054     drivers_cc13x0.aem3 : GPIOCC26XX.oem3 (.data:$O1$$)
                  20004404    00000054     release_pem3.oem3 (.data:ti_sysbios_gates_GateMutex_Object__table__V)
                  20004458    0000004c     release_pem3.oem3 (.data:ti_sysbios_knl_Task_Object__table__V)
                  200044a4    00000004     rtsv7M3_T_le_eabi.lib : stkdepth_vars.c.obj (.data)
                  200044a8    00000048     release_pem3.oem3 (.data:ti_sysbios_family_arm_cc26xx_Timer_Object__table__V)
                  200044f0    00000030     release_pem3.oem3 (.data:ti_sysbios_knl_Swi_Module_State_0_readyQ__A)
                  20004520    00000030     release_pem3.oem3 (.data:ti_sysbios_knl_Swi_Object__table__V)
                  20004550    00000030     release_pem3.oem3 (.data:ti_sysbios_knl_Task_Module_State_0_readyQ__A)
                  20004580    0000002c     CC1310_LAUNCHXL.obj (.data:gpioPinConfigs)
                  200045ac    00000028     smartrf_settings.obj (.data:RF_cmdPropRadioDivSetup)
                  200045d4    00000024     smartrf_settings.obj (.data:RF_cmdPropRx)
                  200045f8    00000020     release_pem3.oem3 (.data:ti_sysbios_knl_Clock_Object__table__V)
                  20004618    00000020     release_pem3.oem3 (.data:xdc_runtime_Error_IgnoreBlock)
                  20004638    0000001c     application_settings.obj (.data:RF_cmdPropCs)
                  20004654    00000018     smartrf_settings.obj (.data:RF_cmdFs)
                  2000466c    00000018     smartrf_settings.obj (.data:RF_cmdPropTx)
                  20004684    00000018     release_pem3.oem3 (.data:ti_sysbios_family_arm_m3_Hwi_Object__table__V)
                  2000469c    00000018     release_pem3.oem3 (.data:ti_sysbios_heaps_HeapMem_Object__table__V)
                  200046b4    00000014     application_settings.obj (.data:RF_cmdCountBranch)
                  200046c8    00000010     application_settings.obj (.data:RF_cmdNop)
                  200046d8    00000010     smartrf_settings.obj (.data:RF_prop)
                  200046e8    00000010     CC1310_LAUNCHXL.obj (.data:gpioCallbackFunctions)
                  200046f8    0000000c     mian.obj (.data:inPinTable)
                  20004704    0000000c     mian.obj (.data:outPinTable)
                  20004710    00000008     rtsv7M3_T_le_eabi.lib : _lock.c.obj (.data:$O1$$)
                  20004718    00000008     mian.obj (.data)
                  20004720    00000008     release_pem3.oem3 (.data:ti_sysbios_family_arm_m3_Hwi_Module__root__V)
                  20004728    00000008     release_pem3.oem3 (.data:ti_sysbios_gates_GateHwi_Module__root__V)
                  20004730    00000008     release_pem3.oem3 (.data:ti_sysbios_gates_GateMutex_Module__root__V)
                  20004738    00000008     release_pem3.oem3 (.data:ti_sysbios_hal_Hwi_Module__root__V)
                  20004740    00000008     release_pem3.oem3 (.data:ti_sysbios_heaps_HeapMem_Module__root__V)
                  20004748    00000008     release_pem3.oem3 (.data:ti_sysbios_knl_Clock_Module__root__V)
                  20004750    00000008     release_pem3.oem3 (.data:ti_sysbios_knl_Mailbox_Module__root__V)
                  20004758    00000008     release_pem3.oem3 (.data:ti_sysbios_knl_Queue_Module__root__V)
                  20004760    00000008     release_pem3.oem3 (.data:ti_sysbios_knl_Semaphore_Module__root__V)
                  20004768    00000008     release_pem3.oem3 (.data:ti_sysbios_knl_Swi_Module__root__V)
                  20004770    00000008     release_pem3.oem3 (.data:ti_sysbios_knl_Task_Module__root__V)
                  20004778    00000008     release_pem3.oem3 (.data:xdc_runtime_System_Module_State_0_atexitHandlers__A)
                  20004780    00000007     radio_rf_task.obj (.data)
                  20004787    00000001     common_node.obj (.data)
                  20004788    00000004     release_pem3.oem3 (.data:ti_sysbios_family_arm_m3_Hwi_Module_State_0_excContext__A)
                  2000478c    00000004     release_pem3.oem3 (.data:ti_sysbios_family_arm_m3_Hwi_Module_State_0_excStack__A)
                  20004790    00000004     release_pem3.oem3 (.data:ti_sysbios_knl_Task_Module_State_0_idleTask__A)
                  20004794    00000004     uart_task.obj (.data)
                  20004798    00000002     release_pem3.oem3 (.data:ti_sysbios_family_arm_m3_Hwi_Module_State_0_excActive__A)
                  2000479a    00000001     drivers_cc13x0.aem3 : NVS.oem3 (.data)
                  2000479b    00000001                         : SPI.oem3 (.data)
                  2000479c    00000001                         : UART.oem3 (.data)

.priheap   0    200030a0    00001000     UNINITIALIZED
                  200030a0    00001000     --HOLE--

.stack     0    20004c00    00000400     UNINITIALIZED
                  20004c00    00000400     --HOLE--

.bootVecs 
*          0    00000000    00000008     DSECT
                  00000000    00000008     boot.aem3 : boot.oem3 (.bootVecs)

.resetVecs 
*          0    00000000    0000003c     
                  00000000    0000003c     release_pem3.oem3 (.resetVecs)

.vecs      0    20000000    000000c8     NOLOAD SECTION
                  20000000    000000c8     release_pem3.oem3 (.vecs)

xdc.meta   0    00000000    00000102     COPY SECTION
                  00000000    00000102     release_pem3.oem3 (xdc.meta)

xdc.noload 
*          0    00000000    00000000     COPY SECTION

.TI.bound:flashBuf 
*          0    0001a000    00004000     UNINITIALIZED
                  0001a000    00004000     CC1310_LAUNCHXL.obj (.TI.bound:flashBuf)

.TI.bound:dmaSpi0TxControlTableEntry 
*          0    20000440    00000010     UNINITIALIZED
                  20000440    00000010     drivers_cc13x0.aem3 : SPICC26XXDMA.oem3 (.TI.bound:dmaSpi0TxControlTableEntry)

.TI.bound:dmaSpi1TxControlTableEntry 
*          0    20000510    00000010     UNINITIALIZED
                  20000510    00000010     drivers_cc13x0.aem3 : SPICC26XXDMA.oem3 (.TI.bound:dmaSpi1TxControlTableEntry)

.binit     0    00000000    00000000     

.text.1    0    0000003c    00000fc4     
                  0000003c    00000388     rf_multiMode_cc13x0.aem3 : RFCC26XX_multiMode.oem3 (.text:RF_fsmActiveState)
                  000003c4    00000008     (.tramp.ti_sysbios_family_arm_m3_Hwi_restoreFxn__E.1)
                  000003cc    0000030c     drivers_cc13x0.aem3 : PowerCC26XX_calibrateRCOSC.oem3 (.text:PowerCC26XX_auxISR)
                  000006d8    000002c8     radio_rf_task.obj (.text:rxTaskFunction)
                  000009a0    00000008     (.tramp.ti_sysbios_knl_Mailbox_pend__E.1)
                  000009a8    00000228     driverlib.lib : sys_ctrl.obj (.text:NOROM_SysCtrlSetRechargeBeforePowerDown)
                  00000bd0    00000224     drivers_cc13x0.aem3 : PowerCC26XX.oem3 (.text:Power_sleep)
                  00000df4    00000008     (.tramp.ti_sysbios_knl_Swi_restore__E.1)
                  00000dfc    000001e4     rf_multiMode_cc13x0.aem3 : RFCC26XX_multiMode.oem3 (.text:RF_open)
                  00000fe0    00000020     driverlib.lib : rfc.obj (.text:NOROM_RFCAdi3VcoLdoVoltageMode)

.text.2    0    00001380    00000004     
                  00001380    00000004     dpl_cc13x0.aem3 : PowerCC26XX_tirtos.oem3 (.text:CPUwfi)

.text.3    0    00001404    00000002     
                  00001404    00000002     drivers_cc13x0.aem3 : NVSSPI25X.oem3 (.text:NVSSPI25X_deinitSpiCs)

.text.4    0    000014f0    00007f04     
                  000014f0    00000214     drivers_cc13x0.aem3 : SPICC26XXDMA.oem3 (.text:SPICC26XXDMA_transfer)
                  00001704    000001b8                         : PINCC26XX.oem3 (.text:PIN_init)
                  000018bc    000001ac     radio_rf_task.obj (.text:configureSniffCmd)
                  00001a68    00000190     drivers_cc13x0.aem3 : PowerCC26XX_calibrateRCOSC.oem3 (.text:PowerCC26XX_doCalibrate)
                  00001bf8    00000174     common_node.obj (.text:lockToWir)
                  00001d6c    0000015c     drivers_cc13x0.aem3 : UARTCC26XX.oem3 (.text:UARTCC26XX_open)
                  00001ec8    00000158                         : SPICC26XXDMA.oem3 (.text:SPICC26XXDMA_initIO)
                  00002020    00000150                         : NVSSPI25X.oem3 (.text:NVSSPI25X_write)
                  00002170    00000150     uart_task.obj (.text:uartTaskFunction)
                  000022c0    00000148     drivers_cc13x0.aem3 : UARTCC26XX.oem3 (.text:UARTCC26XX_hwiIntFxn)
                  00002408    00000144     rf_multiMode_cc13x0.aem3 : RFCC26XX_multiMode.oem3 (.text:RF_radioOpDoneCb)
                  0000254c    00000134     drivers_cc13x0.aem3 : UARTCC26XX.oem3 (.text:UARTCC26XX_read)
                  00002680    0000012c                         : NVSCC26XX.oem3 (.text:NVSCC26XX_write)
                  000027ac    00000128     rf_multiMode_cc13x0.aem3 : RFCC26XX_multiMode.oem3 (.text:RF_abortCmd)
                  000028d4    00000128                              : RFCC26XX_multiMode.oem3 (.text:RF_fsmSetupState)
                  000029fc    00000128     smartrf_settings.obj (.text:rf_patch_rfe_genfsk)
                  00002b24    00000124     crc.obj (.text:CRC48)
                  00002c48    00000124     driverlib.lib : setup_rom.obj (.text:NOROM_SetupAfterColdResetWakeupFromShutDownCfg3)
                  00002d6c    0000011c     drivers_cc13x0.aem3 : SPICC26XXDMA.oem3 (.text:SPICC26XXDMA_open)
                  00002e88    00000114                         : PowerCC26XX.oem3 (.text:Power_init)
                  00002f9c    0000010c                         : NVSSPI25X.oem3 (.text:NVSSPI25X_open)
                  000030a8    0000010c                         : SPICC26XXDMA.oem3 (.text:SPICC26XXDMA_configDMA)
                  000031b4    00000108     rf_multiMode_cc13x0.aem3 : RFCC26XX_multiMode.oem3 (.text:RF_dispatchNextCmd)
                  000032bc    00000108                              : RFCC26XX_multiMode.oem3 (.text:RF_fsmChangePhyState)
                  000033c4    00000104     drivers_cc13x0.aem3 : UARTCC26XX.oem3 (.text:UARTCC26XX_write)
                  000034c8    00000100                         : GPIOCC26XX.oem3 (.text:GPIO_setConfig)
                  000035c8    000000fa     rtsv7M3_T_le_eabi.lib : fs_add_t2.asm.obj (.text)
                  000036c2    00000002     rf_multiMode_cc13x0.aem3 : RFCC26XX_multiMode.oem3 (.text:RF_defaultCallback)
                  000036c4    000000f0     driverlib.lib : setup_rom.obj (.text:NOROM_SetupAfterColdResetWakeupFromShutDownCfg2)
                  000037b4    000000f0     rf_multiMode_cc13x0.aem3 : RFCC26XX_multiMode.oem3 (.text:RF_pendCmd)
                  000038a4    000000e4     dpl_cc13x0.aem3 : PowerCC26XX_tirtos.oem3 (.text:PowerCC26XX_standbyPolicy)
                  00003988    000000e4     drivers_cc13x0.aem3 : SPICC26XXDMA.oem3 (.text:SPICC26XXDMA_transferCancel)
                  00003a6c    000000e0     RFQueue.obj (.text:RFQueue_defineQueue)
                  00003b4c    000000e0     rf_multiMode_cc13x0.aem3 : RFCC26XX_multiMode.oem3 (.text:RF_fsmPowerUpState)
                  00003c2c    000000dc     drivers_cc13x0.aem3 : PINCC26XX.oem3 (.text:PINCC26XX_setIoCfg)
                  00003d08    000000dc     common_node.obj (.text:wirToLock)
                  00003de4    000000d4     driverlib.lib : rfc.obj (.text:NOROM_RFCRfTrimRead)
                  00003eb8    000000cc                   : rfc.obj (.text:NOROM_RFCRTrim)
                  00003f84    000000cc     rf_multiMode_cc13x0.aem3 : RFCC26XX_multiMode.oem3 (.text:RF_swiHw)
                  00004050    000000c4                              : RFCC26XX_multiMode.oem3 (.text:RF_hwiCpe0Active)
                  00004114    000000c4     driverlib.lib : setup.obj (.text:TrimAfterColdResetWakeupFromShutDown)
                  000041d8    000000c4     drivers_cc13x0.aem3 : NVSSPI25X.oem3 (.text:doErase)
                  0000429c    000000bc                         : GPIOCC26XX.oem3 (.text:GPIO_init)
                  00004358    000000bc                         : PowerCC26XX.oem3 (.text:Power_releaseDependency)
                  00004414    000000b4                         : PowerCC26XX.oem3 (.text:Power_setDependency)
                  000044c8    000000a8     driverlib.lib : setup.obj (.text:NOROM_SetupTrimDevice)
                  00004570    000000a4                   : crypto.obj (.text:NOROM_CRYPTOAesEcb)
                  00004614    000000a4                   : setup_rom.obj (.text:NOROM_SetupAfterColdResetWakeupFromShutDownCfg1)
                  000046b8    000000a4     rf_multiMode_cc13x0.aem3 : RFCC26XX_multiMode.oem3 (.text:RF_postCmd)
                  0000475c    000000a4     drivers_cc13x0.aem3 : UARTCC26XX.oem3 (.text:UARTCC26XX_initHw)
                  00004800    000000a4     common_node.obj (.text:checkPack)
                  000048a4    000000a4     drivers_cc13x0.aem3 : PowerCC26XX.oem3 (.text:switchXOSCHFclockFunc)
                  00004948    000000a0     rf_multiMode_cc13x0.aem3 : RFCC26XX_multiMode.oem3 (.text:RF_ratRestartChannels)
                  000049e8    000000a0     drivers_cc13x0.aem3 : SPICC26XXDMA.oem3 (.text:SPICC26XXDMA_hwiFxn)
                  00004a88    000000a0     auto_init.aem3 : auto_init.oem3 (.text)
                  00004b28    000000a0     radio_rf_task.obj (.text:callback)
                  00004bc8    0000009c     drivers_cc13x0.aem3 : UARTCC26XX.oem3 (.text:UARTCC26XX_writeCancel)
                  00004c64    0000009c     protocol_rf_task.obj (.text:protocol_rf_TaskInit)
                  00004d00    0000009c     protocol_uart_task.obj (.text:protocol_uart_TaskInit)
                  00004d9c    0000009c     rtsv7M3_T_le_eabi.lib : memcpy_t2.asm.obj (.text)
                  00004e38    0000009c     common_node.obj (.text:send_syc_request)
                  00004ed4    00000098     drivers_cc13x0.aem3 : PINCC26XX.oem3 (.text:PIN_open)
                  00004f6c    00000098     rf_multiMode_cc13x0.aem3 : RFCC26XX_multiMode.oem3 (.text:RF_calculateDispatchTime)
                  00005004    00000098     drivers_cc13x0.aem3 : UARTCC26XX.oem3 (.text:UARTCC26XX_initIO)
                  0000509c    00000098                         : UARTCC26XX.oem3 (.text:UARTCC26XX_swiIntFxn)
                  00005134    00000098     rom_sysbios.aem3 : rom_sysbios.obj (.text:ti_sysbios_knl_Clock_workFuncDynamic__E)
                  000051cc    00000096     rtsv7M3_T_le_eabi.lib : ull_div_t2.asm.obj (.text)
                  00005262    00000002                           : _lock.c.obj (.text:_nop)
                  00005264    00000094     driverlib.lib : crypto.obj (.text:NOROM_CRYPTOAesLoadKey)
                  000052f8    00000092     rtsv7M3_T_le_eabi.lib : fs_div_t2.asm.obj (.text)
                  0000538a    00000002     drivers_cc13x0.aem3 : PowerCC26XX.oem3 (.text:emptyClockFunc)
                  0000538c    00000090     rf_multiMode_cc13x0.aem3 : RFCC26XX_multiMode.oem3 (.text:RF_discardPendCmd)
                  0000541c    00000090     drivers_cc13x0.aem3 : SPICC26XXDMA.oem3 (.text:SPICC26XXDMA_control)
                  000054ac    00000090     common_node.obj (.text:get_crypt_pack)
                  0000553c    00000090     common_node.obj (.text:get_pair_response)
                  000055cc    00000090     common_node.obj (.text:send_pair_request)
                  0000565c    00000090     rom_sysbios.aem3 : rom_sysbios.obj (.text:ti_sysbios_family_arm_cc26xx_Timer_start__E)
                  000056ec    0000008c     drivers_cc13x0.aem3 : SPICC26XXDMA.oem3 (.text:SPICC26XXDMA_swiFxn)
                  00005778    0000008c                         : NVSCC26XX.oem3 (.text:doErase)
                  00005804    00000088     radio_rf_task.obj (.text:rxTaskInit)
                  0000588c    00000084     CC1310_LAUNCHXL_fxns.obj (.text:CC1310_LAUNCHXL_sendExtFlashByte)
                  00005910    00000084     rf_multiMode_cc13x0.aem3 : RFCC26XX_multiMode.oem3 (.text:RF_issueRadioFreeCb)
                  00005994    00000084     drivers_cc13x0.aem3 : UARTCC26XX.oem3 (.text:UARTCC26XX_close)
                  00005a18    00000084     common_node.obj (.text:get_crypt_data)
                  00005a9c    00000080     drivers_cc13x0.aem3 : NVSSPI25X.oem3 (.text:NVSSPI25X_close)
                  00005b1c    00000080     rf_multiMode_cc13x0.aem3 : RFCC26XX_multiMode.oem3 (.text:RF_hwiHw)
                  00005b9c    00000080     smartrf_settings.obj (.text:configureGenfskPatch)
                  00005c1c    0000007c     rf_multiMode_cc13x0.aem3 : RFCC26XX_multiMode.oem3 (.text:RF_ratFreeChannel)
                  00005c98    0000007a     rtsv7M3_T_le_eabi.lib : fs_mul_t2.asm.obj (.text)
                  00005d12    0000007a                           : memset_t2.asm.obj (.text)
                  00005d8c    00000078     drivers_cc13x0.aem3 : NVSSPI25X.oem3 (.text:doRead)
                  00005e04    00000078                         : UARTCC26XX.oem3 (.text:writeTxFifoFlush)
                  00005e7c    00000076                         : NVSSPI25X.oem3 (.text:doWriteVerify)
                  00005ef2    00000002     smartrf_settings.obj (.text:enterGenfskSysPatch)
                  00005ef4    00000074     driverlib.lib : setup_rom.obj (.text:NOROM_SetupSetVddrLevel)
                  00005f68    00000074     drivers_cc13x0.aem3 : NVSCC26XX.oem3 (.text:NVSCC26XX_open)
                  00005fdc    00000070     mian.obj (.text:buttonCallbackFunction)
                  0000604c    0000006c     drivers_cc13x0.aem3 : PowerCC26XX_calibrateRCOSC.oem3 (.text:PowerCC26XX_initiateCalibration)
                  000060b8    0000006c     rf_multiMode_cc13x0.aem3 : RFCC26XX_multiMode.oem3 (.text:RF_initRadioSetup)
                  00006124    0000006c     uart_task.obj (.text:uartTaskInit)
                  00006190    0000006c     common_node.obj (.text:wifi_status_response)
                  000061fc    00000068     driverlib.lib : setup_rom.obj (.text:NOROM_SetupGetTrimForAmpcompCtrl)
                  00006264    00000068                   : setup_rom.obj (.text:NOROM_SetupGetTrimForAnabypassValue1)
                  000062cc    00000068                   : sys_ctrl.obj (.text:NOROM_SysCtrlAdjustRechargeAfterPowerDown)
                  00006334    00000068                   : sys_ctrl.obj (.text:NOROM_SysCtrl_DCDC_VoltageConditionalControl)
                  0000639c    00000068     drivers_cc13x0.aem3 : UARTCC26XX.oem3 (.text:UARTCC26XX_readCancel)
                  00006404    00000068     rtsv7M3_T_le_eabi.lib : copy_decompress_lzss.c.obj (.text:decompress:lzss:__TI_decompress_lzss)
                  0000646c    00000068     drivers_cc13x0.aem3 : PowerCC26XX.oem3 (.text:lfClockReadyCallback)
                  000064d4    00000068     mian.obj (.text:main)
                  0000653c    00000068     radio_rf_task.obj (.text:send_to_rf)
                  000065a4    00000064     driverlib.lib : osc.obj (.text:NOROM_OSCHF_AttemptToSwitchToXosc)
                  00006608    00000064     drivers_cc13x0.aem3 : PINCC26XX.oem3 (.text:PIN_add)
                  0000666c    00000064                         : PowerCC26XX.oem3 (.text:configureXOSCHF)
                  000066d0    00000064     common_node.obj (.text:send_open_lock)
                  00006734    00000060     driverlib.lib : osc.obj (.text:NOROM_OSCClockSourceSet)
                  00006794    00000060     drivers_cc13x0.aem3 : NVSSPI25X.oem3 (.text:NVSSPI25X_control)
                  000067f4    00000060                         : PowerCC26XX.oem3 (.text:PowerCC26XX_calibrate)
                  00006854    00000060     rf_multiMode_cc13x0.aem3 : RFCC26XX_multiMode.oem3 (.text:RF_dispatchNextEvent)
                  000068b4    00000060                              : RFCC26XX_multiMode.oem3 (.text:RF_getCurrentTime)
                  00006914    00000060     drivers_cc13x0.aem3 : UARTCC26XX.oem3 (.text:UARTCC26XX_control)
                  00006974    0000005c                         : PowerCC26XX_calibrateRCOSC.oem3 (.text:PowerCC26XX_RCOSC_clockFunc)
                  000069d0    0000005c     rf_multiMode_cc13x0.aem3 : RFCC26XX_multiMode.oem3 (.text:RF_syncCb)
                  00006a2c    0000005c     drivers_cc13x0.aem3 : UDMACC26XX.oem3 (.text:UDMACC26XX_open)
                  00006a88    0000005c     rom_sysbios.aem3 : rom_sysbios.obj (.text:ti_sysbios_heaps_HeapMem_initPrimary__I)
                  00006ae4    0000005c     release_pem3.oem3 (.text:xdc_runtime_Startup_getState__I)
                  00006b40    00000058     drivers_cc13x0.aem3 : PINCC26XX.oem3 (.text:PIN_remove)
                  00006b98    00000058     rf_multiMode_cc13x0.aem3 : RFCC26XX_multiMode.oem3 (.text:RF_cmdDispatchTime)
                  00006bf0    00000058                              : RFCC26XX_multiMode.oem3 (.text:RF_hwiCpe0PowerFsm)
                  00006c48    00000058     drivers_cc13x0.aem3 : SPICC26XXDMA.oem3 (.text:SPICC26XXDMA_initHw)
                  00006ca0    00000058     common_node.obj (.text:read_rolling_code)
                  00006cf8    00000058     mian.obj (.text:set_pin_mode)
                  00006d50    00000056     common_node.obj (.text:findCMD)
                  00006da6    00000002     rtsv7M3_T_le_eabi.lib : div0.asm.obj (.text)
                  00006da8    00000054     drivers_cc13x0.aem3 : GPIOCC26XX.oem3 (.text:GPIO_write)
                  00006dfc    00000054     common_node.obj (.text:parse_cryped_pack)
                  00006e50    00000054     drivers_cc13x0.aem3 : GPIOCC26XX.oem3 (.text:powerPostNotify)
                  00006ea4    00000052                         : SPICC26XXDMA.oem3 (.text:SPICC26XXDMA_close)
                  00006ef6    00000002     rom_sysbios.aem3 : rom_sysbios.obj (.text:ti_sysbios_BIOS_linkedWithIncorrectBootLibrary__E)
                  00006ef8    00000050     dpl_cc13x0.aem3 : ClockP_tirtos.oem3 (.text:ClockP_construct)
                  00006f48    00000050     driverlib.lib : setup_rom.obj (.text:NOROM_SetupSetCacheModeAccordingToCcfgSetting)
                  00006f98    00000050     rf_multiMode_cc13x0.aem3 : RFCC26XX_multiMode.oem3 (.text:RF_applyRfCorePatch)
                  00006fe8    00000050                              : RFCC26XX_multiMode.oem3 (.text:RF_fsmXOSCState)
                  00007038    00000050                              : RFCC26XX_multiMode.oem3 (.text:RF_wakeupNotification)
                  00007088    00000050     drivers_cc13x0.aem3 : NVSSPI25X.oem3 (.text:extFlashSpiRead)
                  000070d8    00000050                         : NVSSPI25X.oem3 (.text:extFlashSpiWrite)
                  00007128    00000050     heap_.obj (.text:get_malloc)
                  00007178    00000050     common_node.obj (.text:save_rolling_code)
                  000071c8    00000050     drivers_cc13x0.aem3 : UARTCC26XX.oem3 (.text:startTxFifoEmptyClk)
                  00007218    0000004c     CC1310_LAUNCHXL_fxns.obj (.text:CC1310_LAUNCHXL_wakeUpExtFlash)
                  00007264    0000004c     drivers_cc13x0.aem3 : GPIOCC26XX.oem3 (.text:GPIO_enableInt)
                  000072b0    0000004c     rtsv7M3_T_le_eabi.lib : cpy_tbl.c.obj (.text:copy_in)
                  000072fc    0000004c     drivers_cc13x0.aem3 : NVSSPI25X.oem3 (.text:extFlashWaitReady)
                  00007348    0000004c     common_node.obj (.text:getCheckSum)
                  00007394    00000048     drivers_cc13x0.aem3 : NVSSPI25X.oem3 (.text:NVSSPI25X_read)
                  000073dc    00000048                         : NVS.oem3 (.text:NVS_open)
                  00007424    00000048                         : PINCC26XX.oem3 (.text:PIN_setOutputEnable)
                  0000746c    00000048                         : UARTCC26XX.oem3 (.text:writeFinishedDoCallback)
                  000074b4    00000044                         : NVSCC26XX.oem3 (.text:NVSCC26XX_init)
                  000074f8    00000044                         : NVSCC26XX.oem3 (.text:NVSCC26XX_read)
                  0000753c    00000044                         : RingBuf.oem3 (.text:RingBuf_put)
                  00007580    00000044                         : SPICC26XXDMA.oem3 (.text:SPICC26XXDMA_csnCallback)
                  000075c4    00000044     boot.aem3 : boot.oem3 (.text)
                  00007608    00000044     radio_rf_task.obj (.text:calculateSymbolRate)
                  0000764c    00000044     heap_.obj (.text:free_malloc)
                  00007690    00000040     CC1310_LAUNCHXL_fxns.obj (.text:CC1310_LAUNCHXL_shutDownExtFlash)
                  000076d0    00000040     drivers_cc13x0.aem3 : PINCC26XX.oem3 (.text:PINCC26XX_getConfig)
                  00007710    00000040                         : PINCC26XX.oem3 (.text:PIN_swi)
                  00007750    00000040                         : SPI.oem3 (.text:SPI_init)
                  00007790    00000040                         : SPI.oem3 (.text:SPI_open)
                  000077d0    00000040                         : UART.oem3 (.text:UART_init)
                  00007810    00000040                         : UART.oem3 (.text:UART_open)
                  00007850    00000040     rom_sysbios.aem3 : rom_sysbios.obj (.text:ti_sysbios_family_arm_cc26xx_Timer_setThreshold__I)
                  00007890    0000003e     dpl_cc13x0.aem3 : HwiP_tirtos.oem3 (.text:HwiP_construct)
                  000078ce    0000003e     drivers_cc13x0.aem3 : RingBuf.oem3 (.text:RingBuf_get)
                  0000790c    0000003c     driverlib.lib : chipinfo.obj (.text:NOROM_ChipInfo_GetHwRevision)
                  00007948    0000003c                   : osc.obj (.text:NOROM_OSC_HPOSCRelativeFrequencyOffsetGet)
                  00007984    0000003c                   : rfc.obj (.text:NOROM_RFCSynthPowerDown)
                  000079c0    0000003c     drivers_cc13x0.aem3 : PowerCC26XX.oem3 (.text:PowerCC26XX_isStableXOSC_HF)
                  000079fc    0000003c     rf_multiMode_cc13x0.aem3 : RFCC26XX_multiMode.oem3 (.text:RF_cmdGet)
                  00007a38    0000003c     dpl_cc13x0.aem3 : SwiP_tirtos.oem3 (.text:SwiP_construct)
                  00007a74    0000003c     drivers_cc13x0.aem3 : NVSCC26XX.oem3 (.text:disableFlashCache)
                  00007ab0    0000003c                         : PowerCC26XX.oem3 (.text:disableLfClkQualifiersEnableClkLoss)
                  00007aec    0000003c     rom_sysbios.aem3 : rom_sysbios.obj (.text:ti_sysbios_family_arm_m3_Hwi_construct2__E)
                  00007b28    00000038     drivers_cc13x0.aem3 : NVSSPI25X.oem3 (.text:NVSSPI25X_init)
                  00007b60    00000038                         : PINCC26XX.oem3 (.text:PIN_setOutputValue)
                  00007b98    00000038     rf_multiMode_cc13x0.aem3 : RFCC26XX_multiMode.oem3 (.text:RF_checkCmdFsError)
                  00007bd0    00000038                              : RFCC26XX_multiMode.oem3 (.text:RF_ieeeRequestFgCommand)
                  00007c08    00000038     drivers_cc13x0.aem3 : NVSSPI25X.oem3 (.text:extFlashWriteEnable)
                  00007c40    00000038     protocol_rf_task.obj (.text:protocol_rf_TaskFunction)
                  00007c78    00000038     protocol_uart_task.obj (.text:protocol_uart_TaskFunction)
                  00007cb0    00000038     drivers_cc13x0.aem3 : UARTCC26XX.oem3 (.text:readData)
                  00007ce8    00000038     rtsv7M3_T_le_eabi.lib : fs_toi_t2.asm.obj (.text)
                  00007d20    00000038     drivers_cc13x0.aem3 : UARTCC26XX.oem3 (.text:writeData)
                  00007d58    00000036                         : UDMACC26XX.oem3 (.text:UDMACC26XX_close)
                  00007d8e    00000002     release_pem3.oem3 (.text:ti_sysbios_BIOS_nullFunc__I)
                  00007d90    00000034     drivers_cc13x0.aem3 : GPIOCC26XX.oem3 (.text:GPIO_setCallback)
                  00007dc4    00000034     driverlib.lib : osc.obj (.text:NOROM_OSCHF_SwitchToRcOscTurnOffXosc)
                  00007df8    00000034     drivers_cc13x0.aem3 : PINCC26XX.oem3 (.text:PIN_setConfig)
                  00007e2c    00000034                         : PINCC26XX.oem3 (.text:PIN_setInterrupt)
[...]
1001c227  ti_sysbios_knl_Queue_Instance_init__E                                     
1001c22d  ti_sysbios_knl_Queue_elemClear__E                                         
1001c233  ti_sysbios_knl_Swi_Module_startup__E                                      
1001c239  ti_sysbios_knl_Swi_startup__E                                             
1001c23f  ti_sysbios_knl_Task_enable__E                                             
1001c245  ti_sysbios_BIOS_RtsGateProxy_enter__E                                     
1001c249  ti_sysbios_BIOS_RtsGateProxy_leave__E                                     
1001c24d  ti_sysbios_family_arm_cc26xx_Timer_getExpiredTicks__E                     
1001c251  ti_sysbios_family_arm_cc26xx_Timer_getPeriod__E                           
1001c255  ti_sysbios_family_arm_cc26xx_Timer_setPeriod__E                           
1001c259  ti_sysbios_family_arm_m3_Hwi_delete                                       
1001c25d  ti_sysbios_family_arm_m3_Hwi_destruct                                     
1001c261  ti_sysbios_family_arm_m3_TaskSupport_Module__startupDone__S               
1001c261  ti_sysbios_knl_Task_SupportProxy_Module__startupDone__S__mangled__        
1001c265  ti_sysbios_gates_GateHwi_query__E                                         
1001c265  xdc_runtime_Main_Module_GateProxy_query__E                                
1001c265  xdc_runtime_System_Module_GateProxy_query__E                              
1001c265  xdc_runtime_System_Module_GateProxy_query__E__mangled__                   
1001c269  ti_sysbios_gates_GateMutex_delete                                         
1001c26d  ti_sysbios_gates_GateMutex_destruct                                       
1001c271  ti_sysbios_BIOS_RtsGateProxy_query__E                                     
1001c271  ti_sysbios_BIOS_RtsGateProxy_query__E__mangled__                          
1001c271  ti_sysbios_gates_GateMutex_query__E                                       
1001c271  ti_sysbios_heaps_HeapMem_Module_GateProxy_query__E                        
1001c271  ti_sysbios_heaps_HeapMem_Module_GateProxy_query__E__mangled__             
1001c275  ti_sysbios_hal_Hwi_HwiProxy_Module__startupDone__S                        
1001c279  ti_sysbios_hal_Hwi_HwiProxy_delete                                        
1001c27d  ti_sysbios_hal_Hwi_HwiProxy_disableInterrupt__E                           
1001c27d  ti_sysbios_hal_Hwi_disableInterrupt__E                                    
1001c27d  ti_sysbios_hal_Hwi_disableInterrupt__E                                    
1001c281  ti_sysbios_hal_Hwi_HwiProxy_enableInterrupt__E                            
1001c281  ti_sysbios_hal_Hwi_enableInterrupt__E                                     
1001c281  ti_sysbios_hal_Hwi_enableInterrupt__E                                     
1001c285  ti_sysbios_hal_Hwi_HwiProxy_getStackInfo__E                               
1001c285  ti_sysbios_hal_Hwi_getStackInfo__E                                        
1001c285  ti_sysbios_hal_Hwi_getStackInfo__E                                        
1001c289  ti_sysbios_hal_Hwi_HwiProxy_startup__E                                    
1001c289  ti_sysbios_hal_Hwi_startup__E                                             
1001c289  ti_sysbios_hal_Hwi_startup__E                                             
1001c28d  ti_sysbios_hal_Hwi_HwiProxy_switchFromBootStack__E                        
1001c291  ti_sysbios_hal_Hwi_delete                                                 
1001c295  ti_sysbios_hal_Hwi_switchFromBootStack__E                                 
1001c295  ti_sysbios_hal_Hwi_switchFromBootStack__E                                 
1001c299  ti_sysbios_heaps_HeapMem_Module_GateProxy_enter__E                        
1001c29d  ti_sysbios_heaps_HeapMem_Module_GateProxy_leave__E                        
1001c2a1  ti_sysbios_heaps_HeapMem_isBlocking__E                                    
1001c2a5  ti_sysbios_knl_Clock_TimerProxy_Module__startupDone__S                    
1001c2a9  ti_sysbios_knl_Clock_TimerProxy_getExpiredTicks__E                        
1001c2ad  ti_sysbios_knl_Clock_TimerProxy_getPeriod__E                              
1001c2b1  ti_sysbios_knl_Clock_delete                                               
1001c2b5  ti_sysbios_knl_Clock_destruct                                             
1001c2b9  ti_sysbios_knl_Clock_removeI__E                                           
1001c2bd  ti_sysbios_knl_Clock_setTimeout__E                                        
1001c2c1  ti_sysbios_knl_Mailbox_delete                                             
1001c2c5  ti_sysbios_knl_Mailbox_destruct                                           
1001c2c9  ti_sysbios_knl_Queue_delete                                               
1001c2cd  ti_sysbios_knl_Queue_destruct                                             
1001c2d1  ti_sysbios_knl_Queue_head__E                                              
1001c2d5  ti_sysbios_knl_Queue_next__E                                              
1001c2d9  ti_sysbios_knl_Semaphore_delete                                           
1001c2dd  ti_sysbios_knl_Semaphore_destruct                                         
1001c2e1  ti_sysbios_knl_Swi_delete                                                 
1001c2e5  ti_sysbios_knl_Swi_destruct                                               
1001c2e9  ti_sysbios_knl_Swi_postInit__I                                            
1001c2ed  ti_sysbios_knl_Task_SupportProxy_Module__startupDone__S                   
1001c2f1  ti_sysbios_knl_Task_SupportProxy_getStackAlignment__E                     
1001c2f5  ti_sysbios_knl_Task_SupportProxy_start__E                                 
1001c2f9  ti_sysbios_knl_Task_SupportProxy_swap__E                                  
1001c2fd  ti_sysbios_knl_Task_delete                                                
1001c301  ti_sysbios_knl_Task_destruct                                              
1001c305  ti_sysbios_knl_Task_startup__E                                            
1001c309  xdc_runtime_Startup_startMods__I                                          
1001c401  xdc_runtime_Core_createObject__I                                          
1001c483  xdc_runtime_Error_policySpin__E                                           
1001c485  xdc_runtime_Memory_alloc__E                                               
1001c4f5  xdc_runtime_Core_deleteObject__I                                          
1001c555  xdc_runtime_Startup_exec__E                                               
1001c5a5  xdc_runtime_Assert_raise__I                                               
1001c5ed  xdc_runtime_Core_assignParams__I                                          
1001c635  xdc_runtime_Core_constructObject__I                                       
1001c67d  xdc_runtime_System_atexit__E                                              
1001c6b5  xdc_runtime_System_processAtExit__E                                       
1001c6e9  xdc_runtime_Core_assignLabel__I                                           
1001c719  xdc_runtime_Text_cordText__E                                              
1001c745  xdc_runtime_System_abort__E                                               
1001c765  xdc_runtime_Error_raiseX__E                                               
1001c781  xdc_runtime_Memory_valloc__E                                              
1001c79d  xdc_runtime_Core_destructObject__I                                        
1001c7b5  xdc_runtime_Error_check__E                                                
1001c7cd  xdc_runtime_System_exit__E                                                
1001c7e5  xdc_runtime_Text_ropeText__E                                              
1001c7fd  xdc_runtime_Memory_free__E                                                
1001c80d  xdc_runtime_SysCallback_abort__E                                          
1001c80d  xdc_runtime_System_SupportProxy_abort__E                                  
1001c81d  xdc_runtime_SysCallback_exit__E                                           
1001c81d  xdc_runtime_System_SupportProxy_exit__E                                   
1001c82d  xdc_runtime_Timestamp_SupportProxy_get32__E                               
1001c82d  xdc_runtime_Timestamp_get32__E                                            
1001c82d  xdc_runtime_Timestamp_get32__E                                            
1001c849  xdc_runtime_Memory_calloc__E                                              
1001c855  xdc_runtime_Memory_getMaxDefaultTypeAlign__E                              
1001c875  xdc_runtime_Gate_leaveSystem__E                                           
1001c87b  xdc_runtime_System_Module_startup__E                                      
1001c881  xdc_runtime_Gate_enterSystem__E                                           
1001c885  xdc_runtime_Memory_HeapProxy_alloc__E                                     
1001c889  xdc_runtime_Memory_HeapProxy_free__E                                      
1001c88d  xdc_runtime_System_Module_GateProxy_enter__E                              
1001c891  xdc_runtime_System_Module_GateProxy_leave__E                              
1001c895  xdc_runtime_System_abortSpin__E                                           
1001c897  xdc_runtime_System_exitSpin__E                                            
1001c899  ti_sysbios_family_arm_m3_Hwi_dispatch__I                                  
1001c969  ti_sysbios_family_arm_m3_TaskSupport_buildTaskStack                       
1001c9b5  ti_sysbios_family_arm_m3_Hwi_initStacks__E                                
1001c9fd  ti_sysbios_family_arm_m3_Hwi_excHandlerAsm__I                             
1001ca1d  ti_sysbios_family_xxx_Hwi_switchAndRunFunc                                
1001ca3b  ti_sysbios_family_arm_m3_Hwi_pendSV__I                                    
1001ca53  ti_sysbios_family_arm_m3_Hwi_return                                       
1001ca55  ti_sysbios_family_arm_m3_TaskSupport_glue                                 
1001ca65  ti_sysbios_family_arm_m3_TaskSupport_swap__E                              
1001ca65  ti_sysbios_knl_Task_SupportProxy_swap__E__mangled__                       
1001ca6d  ti_sysbios_knl_Task_swapReturn                                            
1001ca97  ti_sysbios_rom_cortexm_cc13xx_CC13xx_getRevision__E                       
20000000  ti_sysbios_family_arm_m3_Hwi_ramVectors                                   
20000100  ti_sysbios_knl_Task_Module__state__V                                      
20000144  ti_sysbios_family_arm_m3_Hwi_Module__state__V                             
20000178  ti_sysbios_knl_Clock_Module__state__V                                     
200001a4  ti_sysbios_BIOS_Module__state__V                                          
200001c8  ti_sysbios_knl_Swi_Module__state__V                                       
200001e4  ti_sysbios_family_arm_cc26xx_Timer_Module__state__V                       
200001ec  ti_sysbios_family_arm_cc26xx_TimestampProvider_Module__state__V           
200001f0  xdc_runtime_Startup_Module__state__V                                      
200001f8  xdc_runtime_System_Module__state__V                                       
20000200  xdc_runtime_Memory_Module__state__V                                       
20000d20  msgs                                                                      
20001a1c  ClockP_tickPeriod                                                         
200021b8  ti_sysbios_knl_Task_Instance_State_0_stack__A                             
200023b8  spiCC26XXDMAObjects                                                       
20002580  uartCC26XXObjects                                                         
200026a8  packet                                                                    
200027a8  send_buff                                                                 
20002970  ti_sysbios_family_arm_m3_Hwi_dispatchTable                                
20002a38  mbx_radio_Struct                                                          
20002aa4  mbx_rf_Struct                                                             
20002b10  mbx_uart_Struct                                                           
20002b7c  input                                                                     
20002cd0  mailboxBuffer                                                             
20002d20  uartTask                                                                  
20002ed0  uartParams                                                                
20002f14  uartCC26XXRingBuffer                                                      
20002f34  udmaObjects                                                               
20002fe0  locks_status                                                              
20003018  nvsSPI25XObjects                                                          
20003024  outPinState                                                               
20003030  uartpinState                                                              
2000303c  PowerCC26XX_taskKey                                                       
20003040  PowerCC26XX_swiKey                                                        
20003054  logicMac                                                                  
2000305c  msg                                                                       
20003064  mbx_radio_Handle                                                          
20003068  mbx_rf_Handle                                                             
2000306c  mbx_uart_Handle                                                           
20003070  nvsCC26xxObjects                                                          
20003074  outPinHandle                                                              
20003078  protocol_rf_SemaphoreHandle                                               
2000307c  protocol_uart_SemaphoreHandle                                             
20003080  random_number                                                             
20003084  readEntry                                                                 
20003088  rfHandle                                                                  
2000308c  txSemaphoreHandle                                                         
20003090  uart                                                                      
20003094  uartpinHandle                                                             
20003098  driverlib_release_0_52354                                                 
200030a0  __primary_heap_start__                                                    
200040a0  __primary_heap_end__                                                      
200040a0  pinUpperBound                                                             
200040a4  pinLowerBound                                                             
20004138  pinHandleTable                                                            
200041b4  PowerCC26XX_module                                                        
20004350  pOverrides                                                                
20004404  ti_sysbios_gates_GateMutex_Object__table__V                               
20004458  ti_sysbios_knl_Task_Object__table__V                                      
200044a4  main_func_sp                                                              
200044a8  ti_sysbios_family_arm_cc26xx_Timer_Object__table__V                       
200044f0  ti_sysbios_knl_Swi_Module_State_0_readyQ__A                               
20004520  ti_sysbios_knl_Swi_Object__table__V                                       
20004550  ti_sysbios_knl_Task_Module_State_0_readyQ__A                              
20004580  gpioPinConfigs                                                            
200045ac  RF_cmdPropRadioDivSetup                                                   
200045d4  RF_cmdPropRx                                                              
200045f8  ti_sysbios_knl_Clock_Object__table__V                                     
20004618  xdc_runtime_Error_IgnoreBlock                                             
20004638  RF_cmdPropCs                                                              
20004654  RF_cmdFs                                                                  
2000466c  RF_cmdPropTx                                                              
20004684  ti_sysbios_family_arm_m3_Hwi_Object__table__V                             
2000469c  ti_sysbios_heaps_HeapMem_Object__table__V                                 
200046b4  RF_cmdCountBranch                                                         
200046c8  RF_cmdNop                                                                 
200046d8  RF_prop                                                                   
200046e8  gpioCallbackFunctions                                                     
200046f8  inPinTable                                                                
20004704  outPinTable                                                               
20004710  _lock                                                                     
20004714  _unlock                                                                   
20004718  macAddress                                                                
20004720  ti_sysbios_family_arm_m3_Hwi_Module__root__V                              
20004728  ti_sysbios_gates_GateHwi_Module__root__V                                  
20004730  ti_sysbios_gates_GateMutex_Module__root__V                                
20004738  ti_sysbios_hal_Hwi_Module__root__V                                        
20004740  ti_sysbios_heaps_HeapMem_Module__root__V                                  
20004748  ti_sysbios_knl_Clock_Module__root__V                                      
20004750  ti_sysbios_knl_Mailbox_Module__root__V                                    
20004758  ti_sysbios_knl_Queue_Module__root__V                                      
20004760  ti_sysbios_knl_Semaphore_Module__root__V                                  
20004768  ti_sysbios_knl_Swi_Module__root__V                                        
20004770  ti_sysbios_knl_Task_Module__root__V                                       
20004778  xdc_runtime_System_Module_State_0_atexitHandlers__A                       
20004780  WOR_WAKEUPS_PER_SECOND_rx                                                 
20004786  rec_flag                                                                  
20004787  sleep_flag                                                                
20004788  ti_sysbios_family_arm_m3_Hwi_Module_State_0_excContext__A                 
2000478c  ti_sysbios_family_arm_m3_Hwi_Module_State_0_excStack__A                   
20004790  ti_sysbios_knl_Task_Module_State_0_idleTask__A                            
20004798  ti_sysbios_family_arm_m3_Hwi_Module_State_0_excActive__A                  
20004c00  __stack                                                                   
20005000  __STACK_END                                                               
e000e000  ti_sysbios_family_arm_m3_Hwi_nvic                                         
ffffffff  __TI_pprof_out_hndl                                                       
ffffffff  __TI_prof_data_size                                                       
ffffffff  __TI_prof_data_start                                                      
ffffffff  __binit__                                                                 
ffffffff  __c_args__                                                                
ffffffff  binit                                                                     
UNDEFED   SHT$$INIT_ARRAY$$Base                                                     
UNDEFED   SHT$$INIT_ARRAY$$Limit                                                    

[970 symbols]
